Jan  7 20:38:48 syslogd started: BusyBox v1.18.5
Jan  7 20:38:48 kernel: klogd started: BusyBox v1.18.5 (Ubuntu 1:1.18.5-1ubuntu4)
Jan  7 20:38:48 kernel: [    0.000000] Initializing cgroup subsys cpuset
Jan  7 20:38:48 kernel: [    0.000000] Initializing cgroup subsys cpu
Jan  7 20:38:48 kernel: [    0.000000] Linux version 3.2.0-23-generic (buildd@crested) (gcc version 4.6.3 (Ubuntu/Linaro 4.6.3-1ubuntu4) ) #36-Ubuntu SMP Tue Apr 10 20:39:51 UTC 2012 (Ubuntu 3.2.0-23.36-generic 3.2.14)
Jan  7 20:38:48 kernel: [    0.000000] Command line: initrd=initrd.gz file=/cdrom/preseed/ubuntu-server.seed priority=low vga=788 -- debian-installer/custom-installation=/custom find_preseed=/preseed.cfg auto preseed/file=/floppy/preseed.cfg automatic
Jan  7 20:38:48 kernel: [    0.000000] KERNEL supported cpus:
Jan  7 20:38:48 kernel: [    0.000000]   Intel GenuineIntel
Jan  7 20:38:48 kernel: [    0.000000]   AMD AuthenticAMD
Jan  7 20:38:48 kernel: [    0.000000]   Centaur CentaurHauls
Jan  7 20:38:48 kernel: [    0.000000] Disabled fast string operations
Jan  7 20:38:48 kernel: [    0.000000] BIOS-provided physical RAM map:
Jan  7 20:38:48 kernel: [    0.000000]  BIOS-e820: 0000000000000000 - 000000000009f400 (usable)
Jan  7 20:38:48 kernel: [    0.000000]  BIOS-e820: 000000000009f400 - 00000000000a0000 (reserved)
Jan  7 20:38:48 kernel: [    0.000000]  BIOS-e820: 00000000000ca000 - 00000000000cc000 (reserved)
Jan  7 20:38:48 kernel: [    0.000000]  BIOS-e820: 00000000000dc000 - 0000000000100000 (reserved)
Jan  7 20:38:48 kernel: [    0.000000]  BIOS-e820: 0000000000100000 - 000000003fee0000 (usable)
Jan  7 20:38:48 kernel: [    0.000000]  BIOS-e820: 000000003fee0000 - 000000003feff000 (ACPI data)
Jan  7 20:38:48 kernel: [    0.000000]  BIOS-e820: 000000003feff000 - 000000003ff00000 (ACPI NVS)
Jan  7 20:38:48 kernel: [    0.000000]  BIOS-e820: 000000003ff00000 - 0000000040000000 (usable)
Jan  7 20:38:48 kernel: [    0.000000]  BIOS-e820: 00000000e0000000 - 00000000f0000000 (reserved)
Jan  7 20:38:48 kernel: [    0.000000]  BIOS-e820: 00000000fec00000 - 00000000fec10000 (reserved)
Jan  7 20:38:48 kernel: [    0.000000]  BIOS-e820: 00000000fee00000 - 00000000fee01000 (reserved)
Jan  7 20:38:48 kernel: [    0.000000]  BIOS-e820: 00000000fffe0000 - 0000000100000000 (reserved)
Jan  7 20:38:48 kernel: [    0.000000] NX (Execute Disable) protection: active
Jan  7 20:38:48 kernel: [    0.000000] DMI present.
Jan  7 20:38:48 kernel: [    0.000000] DMI: VMware, Inc. VMware Virtual Platform/440BX Desktop Reference Platform, BIOS 6.00 09/20/2012
Jan  7 20:38:48 kernel: [    0.000000] Hypervisor detected: VMware
Jan  7 20:38:48 kernel: [    0.000000] e820 update range: 0000000000000000 - 0000000000010000 (usable) ==> (reserved)
Jan  7 20:38:48 kernel: [    0.000000] e820 remove range: 00000000000a0000 - 0000000000100000 (usable)
Jan  7 20:38:48 kernel: [    0.000000] No AGP bridge found
Jan  7 20:38:48 kernel: [    0.000000] last_pfn = 0x40000 max_arch_pfn = 0x400000000
Jan  7 20:38:48 kernel: [    0.000000] MTRR default type: uncachable
Jan  7 20:38:48 kernel: [    0.000000] MTRR fixed ranges enabled:
Jan  7 20:38:48 kernel: [    0.000000]   00000-9FFFF write-back
Jan  7 20:38:48 kernel: [    0.000000]   A0000-BFFFF uncachable
Jan  7 20:38:48 kernel: [    0.000000]   C0000-CBFFF write-protect
Jan  7 20:38:48 kernel: [    0.000000]   CC000-EFFFF uncachable
Jan  7 20:38:48 kernel: [    0.000000]   F0000-FFFFF write-protect
Jan  7 20:38:48 kernel: [    0.000000] MTRR variable ranges enabled:
Jan  7 20:38:48 kernel: [    0.000000]   0 base 0000000000 mask FFC0000000 write-back
Jan  7 20:38:48 kernel: [    0.000000]   1 disabled
Jan  7 20:38:48 kernel: [    0.000000]   2 disabled
Jan  7 20:38:48 kernel: [    0.000000]   3 disabled
Jan  7 20:38:48 kernel: [    0.000000]   4 disabled
Jan  7 20:38:48 kernel: [    0.000000]   5 disabled
Jan  7 20:38:48 kernel: [    0.000000]   6 disabled
Jan  7 20:38:48 kernel: [    0.000000]   7 disabled
Jan  7 20:38:48 kernel: [    0.000000] x86 PAT enabled: cpu 0, old 0x0, new 0x7010600070106
Jan  7 20:38:48 kernel: [    0.000000] found SMP MP-table at [ffff8800000f6bc0] f6bc0
Jan  7 20:38:48 kernel: [    0.000000] initial memory mapped : 0 - 20000000
Jan  7 20:38:48 kernel: [    0.000000] Base memory trampoline at [ffff88000009a000] 9a000 size 20480
Jan  7 20:38:48 kernel: [    0.000000] init_memory_mapping: 0000000000000000-0000000040000000
Jan  7 20:38:48 kernel: [    0.000000]  0000000000 - 0040000000 page 2M
Jan  7 20:38:48 kernel: [    0.000000] kernel direct mapping tables up to 40000000 @ 1fffe000-20000000
Jan  7 20:38:48 kernel: [    0.000000] RAMDISK: 3f768000 - 3febf000
Jan  7 20:38:48 kernel: [    0.000000] ACPI: RSDP 00000000000f6b50 00024 (v02 PTLTD )
Jan  7 20:38:48 kernel: [    0.000000] ACPI: XSDT 000000003feeec5c 0005C (v01 INTEL  440BX    06040000 VMW  01324272)
Jan  7 20:38:48 kernel: [    0.000000] ACPI: FACP 000000003fefee98 000F4 (v04 INTEL  440BX    06040000 PTL  000F4240)
Jan  7 20:38:48 kernel: [    0.000000] ACPI: DSDT 000000003feef327 0FB71 (v01 PTLTD  Custom   06040000 MSFT 03000001)
Jan  7 20:38:48 kernel: [    0.000000] ACPI: FACS 000000003fefffc0 00040
Jan  7 20:38:48 kernel: [    0.000000] ACPI: BOOT 000000003feef2ff 00028 (v01 PTLTD  $SBFTBL$ 06040000  LTP 00000001)
Jan  7 20:38:48 kernel: [    0.000000] ACPI: APIC 000000003feef0fd 00202 (v01 PTLTD  ? APIC   06040000  LTP 00000000)
Jan  7 20:38:48 kernel: [    0.000000] ACPI: MCFG 000000003feef0c1 0003C (v01 PTLTD  $PCITBL$ 06040000  LTP 00000001)
Jan  7 20:38:48 kernel: [    0.000000] ACPI: SRAT 000000003feeed58 002A8 (v02 VMWARE MEMPLUG  06040000 VMW  00000001)
Jan  7 20:38:48 kernel: [    0.000000] ACPI: HPET 000000003feeed20 00038 (v01 VMWARE VMW HPET 06040000 VMW  00000001)
Jan  7 20:38:48 kernel: [    0.000000] ACPI: WAET 000000003feeecf8 00028 (v01 VMWARE VMW WAET 06040000 VMW  00000001)
Jan  7 20:38:48 kernel: [    0.000000] ACPI: Local APIC address 0xfee00000
Jan  7 20:38:48 kernel: [    0.000000] SRAT: PXM 0 -> APIC 0x00 -> Node 0
Jan  7 20:38:48 kernel: [    0.000000] SRAT: PXM 0 -> APIC 0x01 -> Node 0
Jan  7 20:38:48 kernel: [    0.000000] SRAT: PXM 0 -> APIC 0x02 -> Node 0
Jan  7 20:38:48 kernel: [    0.000000] SRAT: PXM 0 -> APIC 0x03 -> Node 0
Jan  7 20:38:48 kernel: [    0.000000] SRAT: PXM 0 -> APIC 0x04 -> Node 0
Jan  7 20:38:48 kernel: [    0.000000] SRAT: PXM 0 -> APIC 0x05 -> Node 0
Jan  7 20:38:48 kernel: [    0.000000] SRAT: PXM 0 -> APIC 0x06 -> Node 0
Jan  7 20:38:48 kernel: [    0.000000] SRAT: PXM 0 -> APIC 0x07 -> Node 0
Jan  7 20:38:48 kernel: [    0.000000] SRAT: PXM 0 -> APIC 0x08 -> Node 0
Jan  7 20:38:48 kernel: [    0.000000] SRAT: PXM 0 -> APIC 0x09 -> Node 0
Jan  7 20:38:48 kernel: [    0.000000] SRAT: PXM 0 -> APIC 0x0a -> Node 0
Jan  7 20:38:48 kernel: [    0.000000] SRAT: PXM 0 -> APIC 0x0b -> Node 0
Jan  7 20:38:48 kernel: [    0.000000] SRAT: PXM 0 -> APIC 0x0c -> Node 0
Jan  7 20:38:48 kernel: [    0.000000] SRAT: PXM 0 -> APIC 0x0d -> Node 0
Jan  7 20:38:48 kernel: [    0.000000] SRAT: PXM 0 -> APIC 0x0e -> Node 0
Jan  7 20:38:48 kernel: [    0.000000] SRAT: PXM 0 -> APIC 0x0f -> Node 0
Jan  7 20:38:48 kernel: [    0.000000] SRAT: PXM 0 -> APIC 0x10 -> Node 0
Jan  7 20:38:48 kernel: [    0.000000] SRAT: PXM 0 -> APIC 0x11 -> Node 0
Jan  7 20:38:48 kernel: [    0.000000] SRAT: PXM 0 -> APIC 0x12 -> Node 0
Jan  7 20:38:48 kernel: [    0.000000] SRAT: PXM 0 -> APIC 0x13 -> Node 0
Jan  7 20:38:48 kernel: [    0.000000] SRAT: PXM 0 -> APIC 0x14 -> Node 0
Jan  7 20:38:48 kernel: [    0.000000] SRAT: PXM 0 -> APIC 0x15 -> Node 0
Jan  7 20:38:48 kernel: [    0.000000] SRAT: PXM 0 -> APIC 0x16 -> Node 0
Jan  7 20:38:48 kernel: [    0.000000] SRAT: PXM 0 -> APIC 0x17 -> Node 0
Jan  7 20:38:48 kernel: [    0.000000] SRAT: PXM 0 -> APIC 0x18 -> Node 0
Jan  7 20:38:48 kernel: [    0.000000] SRAT: PXM 0 -> APIC 0x19 -> Node 0
Jan  7 20:38:48 kernel: [    0.000000] SRAT: PXM 0 -> APIC 0x1a -> Node 0
Jan  7 20:38:48 kernel: [    0.000000] SRAT: PXM 0 -> APIC 0x1b -> Node 0
Jan  7 20:38:48 kernel: [    0.000000] SRAT: PXM 0 -> APIC 0x1c -> Node 0
Jan  7 20:38:48 kernel: [    0.000000] SRAT: PXM 0 -> APIC 0x1d -> Node 0
Jan  7 20:38:48 kernel: [    0.000000] SRAT: PXM 0 -> APIC 0x1e -> Node 0
Jan  7 20:38:48 kernel: [    0.000000] SRAT: PXM 0 -> APIC 0x1f -> Node 0
Jan  7 20:38:48 kernel: [    0.000000] SRAT: Node 0 PXM 0 0-a0000
Jan  7 20:38:48 kernel: [    0.000000] SRAT: Node 0 PXM 0 100000-40000000
Jan  7 20:38:48 kernel: [    0.000000] SRAT: Node 0 PXM 0 40000000-c0000000
Jan  7 20:38:48 kernel: [    0.000000] NUMA: Node 0 [0,a0000) + [100000,40000000) -> [0,40000000)
Jan  7 20:38:48 kernel: [    0.000000] Initmem setup node 0 0000000000000000-0000000040000000
Jan  7 20:38:48 kernel: [    0.000000]   NODE_DATA [000000003fffb000 - 000000003fffffff]
Jan  7 20:38:48 kernel: [    0.000000]  [ffffea0000000000-ffffea0000ffffff] PMD -> [ffff88003de00000-ffff88003edfffff] on node 0
Jan  7 20:38:48 kernel: [    0.000000] Zone PFN ranges:
Jan  7 20:38:48 kernel: [    0.000000]   DMA      0x00000010 -> 0x00001000
Jan  7 20:38:48 kernel: [    0.000000]   DMA32    0x00001000 -> 0x00100000
Jan  7 20:38:48 kernel: [    0.000000]   Normal   empty
Jan  7 20:38:48 kernel: [    0.000000] Movable zone start PFN for each node
Jan  7 20:38:48 kernel: [    0.000000] early_node_map[3] active PFN ranges
Jan  7 20:38:48 kernel: [    0.000000]     0: 0x00000010 -> 0x0000009f
Jan  7 20:38:48 kernel: [    0.000000]     0: 0x00000100 -> 0x0003fee0
Jan  7 20:38:48 kernel: [    0.000000]     0: 0x0003ff00 -> 0x00040000
Jan  7 20:38:48 kernel: [    0.000000] On node 0 totalpages: 261999
Jan  7 20:38:48 kernel: [    0.000000]   DMA zone: 64 pages used for memmap
Jan  7 20:38:48 kernel: [    0.000000]   DMA zone: 5 pages reserved
Jan  7 20:38:48 kernel: [    0.000000]   DMA zone: 3914 pages, LIFO batch:0
Jan  7 20:38:48 kernel: [    0.000000]   DMA32 zone: 4032 pages used for memmap
Jan  7 20:38:48 kernel: [    0.000000]   DMA32 zone: 253984 pages, LIFO batch:31
Jan  7 20:38:48 kernel: [    0.000000] ACPI: PM-Timer IO Port: 0x1008
Jan  7 20:38:48 kernel: [    0.000000] ACPI: Local APIC address 0xfee00000
Jan  7 20:38:48 kernel: [    0.000000] ACPI: LAPIC (acpi_id[0x00] lapic_id[0x00] enabled)
Jan  7 20:38:48 kernel: [    0.000000] ACPI: LAPIC (acpi_id[0x01] lapic_id[0x01] disabled)
Jan  7 20:38:48 kernel: [    0.000000] ACPI: LAPIC (acpi_id[0x02] lapic_id[0x02] disabled)
Jan  7 20:38:48 kernel: [    0.000000] ACPI: LAPIC (acpi_id[0x03] lapic_id[0x03] disabled)
Jan  7 20:38:48 kernel: [    0.000000] ACPI: LAPIC (acpi_id[0x04] lapic_id[0x04] disabled)
Jan  7 20:38:48 kernel: [    0.000000] ACPI: LAPIC (acpi_id[0x05] lapic_id[0x05] disabled)
Jan  7 20:38:48 kernel: [    0.000000] ACPI: LAPIC (acpi_id[0x06] lapic_id[0x06] disabled)
Jan  7 20:38:48 kernel: [    0.000000] ACPI: LAPIC (acpi_id[0x07] lapic_id[0x07] disabled)
Jan  7 20:38:48 kernel: [    0.000000] ACPI: LAPIC (acpi_id[0x08] lapic_id[0x08] disabled)
Jan  7 20:38:48 kernel: [    0.000000] ACPI: LAPIC (acpi_id[0x09] lapic_id[0x09] disabled)
Jan  7 20:38:48 kernel: [    0.000000] ACPI: LAPIC (acpi_id[0x0a] lapic_id[0x0a] disabled)
Jan  7 20:38:48 kernel: [    0.000000] ACPI: LAPIC (acpi_id[0x0b] lapic_id[0x0b] disabled)
Jan  7 20:38:48 kernel: [    0.000000] ACPI: LAPIC (acpi_id[0x0c] lapic_id[0x0c] disabled)
Jan  7 20:38:48 kernel: [    0.000000] ACPI: LAPIC (acpi_id[0x0d] lapic_id[0x0d] disabled)
Jan  7 20:38:48 kernel: [    0.000000] ACPI: LAPIC (acpi_id[0x0e] lapic_id[0x0e] disabled)
Jan  7 20:38:48 kernel: [    0.000000] ACPI: LAPIC (acpi_id[0x0f] lapic_id[0x0f] disabled)
Jan  7 20:38:48 kernel: [    0.000000] ACPI: LAPIC (acpi_id[0x10] lapic_id[0x10] disabled)
Jan  7 20:38:48 kernel: [    0.000000] ACPI: LAPIC (acpi_id[0x11] lapic_id[0x11] disabled)
Jan  7 20:38:48 kernel: [    0.000000] ACPI: LAPIC (acpi_id[0x12] lapic_id[0x12] disabled)
Jan  7 20:38:48 kernel: [    0.000000] ACPI: LAPIC (acpi_id[0x13] lapic_id[0x13] disabled)
Jan  7 20:38:48 kernel: [    0.000000] ACPI: LAPIC (acpi_id[0x14] lapic_id[0x14] disabled)
Jan  7 20:38:48 kernel: [    0.000000] ACPI: LAPIC (acpi_id[0x15] lapic_id[0x15] disabled)
Jan  7 20:38:48 kernel: [    0.000000] ACPI: LAPIC (acpi_id[0x16] lapic_id[0x16] disabled)
Jan  7 20:38:48 kernel: [    0.000000] ACPI: LAPIC (acpi_id[0x17] lapic_id[0x17] disabled)
Jan  7 20:38:48 kernel: [    0.000000] ACPI: LAPIC (acpi_id[0x18] lapic_id[0x18] disabled)
Jan  7 20:38:48 kernel: [    0.000000] ACPI: LAPIC (acpi_id[0x19] lapic_id[0x19] disabled)
Jan  7 20:38:48 kernel: [    0.000000] ACPI: LAPIC (acpi_id[0x1a] lapic_id[0x1a] disabled)
Jan  7 20:38:48 kernel: [    0.000000] ACPI: LAPIC (acpi_id[0x1b] lapic_id[0x1b] disabled)
Jan  7 20:38:48 kernel: [    0.000000] ACPI: LAPIC (acpi_id[0x1c] lapic_id[0x1c] disabled)
Jan  7 20:38:48 kernel: [    0.000000] ACPI: LAPIC (acpi_id[0x1d] lapic_id[0x1d] disabled)
Jan  7 20:38:48 kernel: [    0.000000] ACPI: LAPIC (acpi_id[0x1e] lapic_id[0x1e] disabled)
Jan  7 20:38:48 kernel: [    0.000000] ACPI: LAPIC (acpi_id[0x1f] lapic_id[0x1f] disabled)
Jan  7 20:38:48 kernel: [    0.000000] ACPI: LAPIC_NMI (acpi_id[0x00] high edge lint[0x1])
Jan  7 20:38:48 kernel: [    0.000000] ACPI: LAPIC_NMI (acpi_id[0x01] high edge lint[0x1])
Jan  7 20:38:48 kernel: [    0.000000] ACPI: LAPIC_NMI (acpi_id[0x02] high edge lint[0x1])
Jan  7 20:38:48 kernel: [    0.000000] ACPI: LAPIC_NMI (acpi_id[0x03] high edge lint[0x1])
Jan  7 20:38:48 kernel: [    0.000000] ACPI: LAPIC_NMI (acpi_id[0x04] high edge lint[0x1])
Jan  7 20:38:48 kernel: [    0.000000] ACPI: LAPIC_NMI (acpi_id[0x05] high edge lint[0x1])
Jan  7 20:38:48 kernel: [    0.000000] ACPI: LAPIC_NMI (acpi_id[0x06] high edge lint[0x1])
Jan  7 20:38:48 kernel: [    0.000000] ACPI: LAPIC_NMI (acpi_id[0x07] high edge lint[0x1])
Jan  7 20:38:48 kernel: [    0.000000] ACPI: LAPIC_NMI (acpi_id[0x08] high edge lint[0x1])
Jan  7 20:38:48 kernel: [    0.000000] ACPI: LAPIC_NMI (acpi_id[0x09] high edge lint[0x1])
Jan  7 20:38:48 kernel: [    0.000000] ACPI: LAPIC_NMI (acpi_id[0x0a] high edge lint[0x1])
Jan  7 20:38:48 kernel: [    0.000000] ACPI: LAPIC_NMI (acpi_id[0x0b] high edge lint[0x1])
Jan  7 20:38:48 kernel: [    0.000000] ACPI: LAPIC_NMI (acpi_id[0x0c] high edge lint[0x1])
Jan  7 20:38:48 kernel: [    0.000000] ACPI: LAPIC_NMI (acpi_id[0x0d] high edge lint[0x1])
Jan  7 20:38:48 kernel: [    0.000000] ACPI: LAPIC_NMI (acpi_id[0x0e] high edge lint[0x1])
Jan  7 20:38:48 kernel: [    0.000000] ACPI: LAPIC_NMI (acpi_id[0x0f] high edge lint[0x1])
Jan  7 20:38:48 kernel: [    0.000000] ACPI: LAPIC_NMI (acpi_id[0x10] high edge lint[0x1])
Jan  7 20:38:48 kernel: [    0.000000] ACPI: LAPIC_NMI (acpi_id[0x11] high edge lint[0x1])
Jan  7 20:38:48 kernel: [    0.000000] ACPI: LAPIC_NMI (acpi_id[0x12] high edge lint[0x1])
Jan  7 20:38:48 kernel: [    0.000000] ACPI: LAPIC_NMI (acpi_id[0x13] high edge lint[0x1])
Jan  7 20:38:48 kernel: [    0.000000] ACPI: LAPIC_NMI (acpi_id[0x14] high edge lint[0x1])
Jan  7 20:38:48 kernel: [    0.000000] ACPI: LAPIC_NMI (acpi_id[0x15] high edge lint[0x1])
Jan  7 20:38:48 kernel: [    0.000000] ACPI: LAPIC_NMI (acpi_id[0x16] high edge lint[0x1])
Jan  7 20:38:48 kernel: [    0.000000] ACPI: LAPIC_NMI (acpi_id[0x17] high edge lint[0x1])
Jan  7 20:38:48 kernel: [    0.000000] ACPI: LAPIC_NMI (acpi_id[0x18] high edge lint[0x1])
Jan  7 20:38:48 kernel: [    0.000000] ACPI: LAPIC_NMI (acpi_id[0x19] high edge lint[0x1])
Jan  7 20:38:48 kernel: [    0.000000] ACPI: LAPIC_NMI (acpi_id[0x1a] high edge lint[0x1])
Jan  7 20:38:48 kernel: [    0.000000] ACPI: LAPIC_NMI (acpi_id[0x1b] high edge lint[0x1])
Jan  7 20:38:48 kernel: [    0.000000] ACPI: LAPIC_NMI (acpi_id[0x1c] high edge lint[0x1])
Jan  7 20:38:48 kernel: [    0.000000] ACPI: LAPIC_NMI (acpi_id[0x1d] high edge lint[0x1])
Jan  7 20:38:48 kernel: [    0.000000] ACPI: LAPIC_NMI (acpi_id[0x1e] high edge lint[0x1])
Jan  7 20:38:48 kernel: [    0.000000] ACPI: LAPIC_NMI (acpi_id[0x1f] high edge lint[0x1])
Jan  7 20:38:48 kernel: [    0.000000] ACPI: IOAPIC (id[0x20] address[0xfec00000] gsi_base[0])
Jan  7 20:38:48 kernel: [    0.000000] IOAPIC[0]: apic_id 32, version 17, address 0xfec00000, GSI 0-23
Jan  7 20:38:48 kernel: [    0.000000] ACPI: INT_SRC_OVR (bus 0 bus_irq 0 global_irq 2 high edge)
Jan  7 20:38:48 kernel: [    0.000000] ACPI: IRQ0 used by override.
Jan  7 20:38:48 kernel: [    0.000000] ACPI: IRQ2 used by override.
Jan  7 20:38:48 kernel: [    0.000000] ACPI: IRQ9 used by override.
Jan  7 20:38:48 kernel: [    0.000000] Using ACPI (MADT) for SMP configuration information
Jan  7 20:38:48 kernel: [    0.000000] ACPI: HPET id: 0x8086af01 base: 0xfed00000
Jan  7 20:38:48 kernel: [    0.000000] SMP: Allowing 32 CPUs, 31 hotplug CPUs
Jan  7 20:38:48 kernel: [    0.000000] nr_irqs_gsi: 40
Jan  7 20:38:48 kernel: [    0.000000] PM: Registered nosave memory: 000000000009f000 - 00000000000a0000
Jan  7 20:38:48 kernel: [    0.000000] PM: Registered nosave memory: 00000000000a0000 - 00000000000ca000
Jan  7 20:38:48 kernel: [    0.000000] PM: Registered nosave memory: 00000000000ca000 - 00000000000cc000
Jan  7 20:38:48 kernel: [    0.000000] PM: Registered nosave memory: 00000000000cc000 - 00000000000dc000
Jan  7 20:38:48 kernel: [    0.000000] PM: Registered nosave memory: 00000000000dc000 - 0000000000100000
Jan  7 20:38:48 kernel: [    0.000000] PM: Registered nosave memory: 000000003fee0000 - 000000003feff000
Jan  7 20:38:48 kernel: [    0.000000] PM: Registered nosave memory: 000000003feff000 - 000000003ff00000
Jan  7 20:38:48 kernel: [    0.000000] Allocating PCI resources starting at 40000000 (gap: 40000000:a0000000)
Jan  7 20:38:48 kernel: [    0.000000] Booting paravirtualized kernel on bare hardware
Jan  7 20:38:48 kernel: [    0.000000] setup_percpu: NR_CPUS:256 nr_cpumask_bits:256 nr_cpu_ids:32 nr_node_ids:1
Jan  7 20:38:48 kernel: [    0.000000] PERCPU: Embedded 28 pages/cpu @ffff88003f200000 s83072 r8192 d23424 u131072
Jan  7 20:38:48 kernel: [    0.000000] pcpu-alloc: s83072 r8192 d23424 u131072 alloc=1*2097152
Jan  7 20:38:48 kernel: [    0.000000] pcpu-alloc: [0] 00 01 02 03 04 05 06 07 08 09 10 11 12 13 14 15 
Jan  7 20:38:48 kernel: [    0.000000] pcpu-alloc: [0] 16 17 18 19 20 21 22 23 24 25 26 27 28 29 30 31 
Jan  7 20:38:48 kernel: [    0.000000] Built 1 zonelists in Node order, mobility grouping on.  Total pages: 257898
Jan  7 20:38:48 kernel: [    0.000000] Policy zone: DMA32
Jan  7 20:38:48 kernel: [    0.000000] Kernel command line: initrd=initrd.gz file=/cdrom/preseed/ubuntu-server.seed priority=low vga=788 -- debian-installer/custom-installation=/custom find_preseed=/preseed.cfg auto preseed/file=/floppy/preseed.cfg au
Jan  7 20:38:48 kernel: [    0.000000] PID hash table entries: 4096 (order: 3, 32768 bytes)
Jan  7 20:38:48 kernel: [    0.000000] xsave/xrstor: enabled xstate_bv 0x7, cntxt size 0x340
Jan  7 20:38:48 kernel: [    0.000000] Checking aperture...
Jan  7 20:38:48 kernel: [    0.000000] No AGP bridge found
Jan  7 20:38:48 kernel: [    0.000000] Calgary: detecting Calgary via BIOS EBDA area
Jan  7 20:38:48 kernel: [    0.000000] Calgary: Unable to locate Rio Grande table in EBDA - bailing!
Jan  7 20:38:48 kernel: [    0.000000] Memory: 1004692k/1048576k available (6566k kernel code, 580k absent, 43304k reserved, 6637k data, 920k init)
Jan  7 20:38:48 kernel: [    0.000000] SLUB: Genslabs=15, HWalign=64, Order=0-3, MinObjects=0, CPUs=32, Nodes=1
Jan  7 20:38:48 kernel: [    0.000000] Hierarchical RCU implementation.
Jan  7 20:38:48 kernel: [    0.000000] 	RCU dyntick-idle grace-period acceleration is enabled.
Jan  7 20:38:48 kernel: [    0.000000] NR_IRQS:16640 nr_irqs:936 16
Jan  7 20:38:48 kernel: [    0.000000] Extended CMOS year: 2000
Jan  7 20:38:48 kernel: [    0.000000] Console: colour dummy device 80x25
Jan  7 20:38:48 kernel: [    0.000000] console [tty0] enabled
Jan  7 20:38:48 kernel: [    0.000000] allocated 8388608 bytes of page_cgroup
Jan  7 20:38:48 kernel: [    0.000000] please try 'cgroup_disable=memory' option if you don't want memory cgroups
Jan  7 20:38:48 kernel: [    0.000000] hpet clockevent registered
Jan  7 20:38:48 kernel: [    0.000000] TSC freq read from hypervisor : 2294.829 MHz
Jan  7 20:38:48 kernel: [    0.000000] Detected 2294.829 MHz processor.
Jan  7 20:38:48 kernel: [    0.000008] Calibrating delay loop (skipped) preset value.. 4589.65 BogoMIPS (lpj=9179316)
Jan  7 20:38:48 kernel: [    0.000013] pid_max: default: 32768 minimum: 301
Jan  7 20:38:48 kernel: [    0.000040] Security Framework initialized
Jan  7 20:38:48 kernel: [    0.000068] AppArmor: AppArmor initialized
Jan  7 20:38:48 kernel: [    0.000071] Yama: becoming mindful.
Jan  7 20:38:48 kernel: [    0.000289] Dentry cache hash table entries: 131072 (order: 8, 1048576 bytes)
Jan  7 20:38:48 kernel: [    0.004419] Inode-cache hash table entries: 65536 (order: 7, 524288 bytes)
Jan  7 20:38:48 kernel: [    0.005984] Mount-cache hash table entries: 256
Jan  7 20:38:48 kernel: [    0.006499] Initializing cgroup subsys cpuacct
Jan  7 20:38:48 kernel: [    0.006505] Initializing cgroup subsys memory
Jan  7 20:38:48 kernel: [    0.006515] Initializing cgroup subsys devices
Jan  7 20:38:48 kernel: [    0.006517] Initializing cgroup subsys freezer
Jan  7 20:38:48 kernel: [    0.006520] Initializing cgroup subsys blkio
Jan  7 20:38:48 kernel: [    0.006583] Initializing cgroup subsys perf_event
Jan  7 20:38:48 kernel: [    0.006634] Disabled fast string operations
Jan  7 20:38:48 kernel: [    0.006638] CPU: Physical Processor ID: 0
Jan  7 20:38:48 kernel: [    0.006648] ENERGY_PERF_BIAS: Set to 'normal', was 'performance'
Jan  7 20:38:48 kernel: [    0.006648] ENERGY_PERF_BIAS: View and update with x86_energy_perf_policy(8)
Jan  7 20:38:48 kernel: [    0.006655] mce: CPU supports 0 MCE banks
Jan  7 20:38:48 kernel: [    0.006725] SMP alternatives: switching to UP code
Jan  7 20:38:48 kernel: [    0.026326] ACPI: Core revision 20110623
Jan  7 20:38:48 kernel: [    0.039520] ftrace: allocating 27049 entries in 107 pages
Jan  7 20:38:48 kernel: [    0.063533] Switched APIC routing to physical flat.
Jan  7 20:38:48 kernel: [    0.064115] ..TIMER: vector=0x30 apic1=0 pin1=2 apic2=-1 pin2=-1
Jan  7 20:38:48 kernel: [    0.103785] CPU0: Intel(R) Core(TM) i7-2820QM CPU @ 2.30GHz stepping 07
Jan  7 20:38:48 kernel: [    0.208666] Performance Events: SandyBridge events, Intel PMU driver.
Jan  7 20:38:48 kernel: [    0.208683] PEBS disabled due to CPU errata.
Jan  7 20:38:48 kernel: [    0.208688] ... version:                3
Jan  7 20:38:48 kernel: [    0.208690] ... bit width:              48
Jan  7 20:38:48 kernel: [    0.208692] ... generic registers:      4
Jan  7 20:38:48 kernel: [    0.208693] ... value mask:             0000ffffffffffff
Jan  7 20:38:48 kernel: [    0.208695] ... max period:             000000007fffffff
Jan  7 20:38:48 kernel: [    0.208697] ... fixed-purpose events:   3
Jan  7 20:38:48 kernel: [    0.208698] ... event mask:             000000070000000f
Jan  7 20:38:48 kernel: [    0.209200] NMI watchdog enabled, takes one hw-pmu counter.
Jan  7 20:38:48 kernel: [    0.209245] Brought up 1 CPUs
Jan  7 20:38:48 kernel: [    0.209248] Total of 1 processors activated (4589.65 BogoMIPS).
Jan  7 20:38:48 kernel: [    0.209414] x86 PAT enabled: cpu 0, old 0x0, new 0x7010600070106
Jan  7 20:38:48 kernel: [    0.209926] devtmpfs: initialized
Jan  7 20:38:48 kernel: [    0.210465] EVM: security.selinux
Jan  7 20:38:48 kernel: [    0.210468] EVM: security.SMACK64
Jan  7 20:38:48 kernel: [    0.210469] EVM: security.capability
Jan  7 20:38:48 kernel: [    0.210583] PM: Registering ACPI NVS region at 3feff000 (4096 bytes)
Jan  7 20:38:48 kernel: [    0.211242] print_constraints: dummy: 
Jan  7 20:38:48 kernel: [    0.211335] RTC time: 20:38:45, date: 01/07/13
Jan  7 20:38:48 kernel: [    0.211471] NET: Registered protocol family 16
Jan  7 20:38:48 kernel: [    0.211685] ACPI: bus type pci registered
Jan  7 20:38:48 kernel: [    0.211857] PCI: MMCONFIG for domain 0000 [bus 00-ff] at [mem 0xe0000000-0xefffffff] (base 0xe0000000)
Jan  7 20:38:48 kernel: [    0.211862] PCI: MMCONFIG at [mem 0xe0000000-0xefffffff] reserved in E820
Jan  7 20:38:48 kernel: [    0.244902] PCI: Using configuration type 1 for base access
Jan  7 20:38:48 kernel: [    0.245894] bio: create slab <bio-0> at 0
Jan  7 20:38:48 kernel: [    0.246119] ACPI: Added _OSI(Module Device)
Jan  7 20:38:48 kernel: [    0.246122] ACPI: Added _OSI(Processor Device)
Jan  7 20:38:48 kernel: [    0.246124] ACPI: Added _OSI(3.0 _SCP Extensions)
Jan  7 20:38:48 kernel: [    0.246126] ACPI: Added _OSI(Processor Aggregator Device)
Jan  7 20:38:48 kernel: [    0.248982] ACPI: EC: Look up EC in DSDT
Jan  7 20:38:48 kernel: [    0.254486] [Firmware Bug]: ACPI: BIOS _OSI(Linux) query ignored
Jan  7 20:38:48 kernel: [    0.257336] ACPI: Interpreter enabled
Jan  7 20:38:48 kernel: [    0.257340] ACPI: (supports S0 S1 S4 S5)
Jan  7 20:38:48 kernel: [    0.257352] ACPI: Using IOAPIC for interrupt routing
Jan  7 20:38:48 kernel: [    0.305465] ACPI: No dock devices found.
Jan  7 20:38:48 kernel: [    0.305469] HEST: Table not found.
Jan  7 20:38:48 kernel: [    0.305473] PCI: Using host bridge windows from ACPI; if necessary, use "pci=nocrs" and report a bug
Jan  7 20:38:48 kernel: [    0.306149] ACPI: PCI Root Bridge [PCI0] (domain 0000 [bus 00-ff])
Jan  7 20:38:48 kernel: [    0.307186] pci_root PNP0A03:00: host bridge window [mem 0x000a0000-0x000bffff]
Jan  7 20:38:48 kernel: [    0.307190] pci_root PNP0A03:00: host bridge window [mem 0x000cc000-0x000cffff]
Jan  7 20:38:48 kernel: [    0.307193] pci_root PNP0A03:00: host bridge window [mem 0x000d0000-0x000d3fff]
Jan  7 20:38:48 kernel: [    0.307196] pci_root PNP0A03:00: host bridge window [mem 0x000d4000-0x000d7fff]
Jan  7 20:38:48 kernel: [    0.307198] pci_root PNP0A03:00: host bridge window [mem 0x000d8000-0x000dbfff]
Jan  7 20:38:48 kernel: [    0.307202] pci_root PNP0A03:00: host bridge window [mem 0xc0000000-0xfebfffff]
Jan  7 20:38:48 kernel: [    0.307205] pci_root PNP0A03:00: host bridge window [io  0x0000-0x0cf7]
Jan  7 20:38:48 kernel: [    0.307207] pci_root PNP0A03:00: host bridge window [io  0x0d00-0xfeff]
Jan  7 20:38:48 kernel: [    0.307259] pci 0000:00:00.0: [8086:7190] type 0 class 0x000600
Jan  7 20:38:48 kernel: [    0.308739] pci 0000:00:01.0: [8086:7191] type 1 class 0x000604
Jan  7 20:38:48 kernel: [    0.309151] pci 0000:00:07.0: [8086:7110] type 0 class 0x000601
Jan  7 20:38:48 kernel: [    0.309728] pci 0000:00:07.1: [8086:7111] type 0 class 0x000101
Jan  7 20:38:48 kernel: [    0.311030] pci 0000:00:07.1: reg 20: [io  0x10c0-0x10cf]
Jan  7 20:38:48 kernel: [    0.311685] pci 0000:00:07.3: [8086:7113] type 0 class 0x000680
Jan  7 20:38:48 kernel: [    0.312121] pci 0000:00:07.3: quirk: [io  0x1000-0x103f] claimed by PIIX4 ACPI
Jan  7 20:38:48 kernel: [    0.312134] pci 0000:00:07.3: quirk: [io  0x1040-0x104f] claimed by PIIX4 SMB
Jan  7 20:38:48 kernel: [    0.312327] pci 0000:00:07.7: [15ad:0740] type 0 class 0x000880
Jan  7 20:38:48 kernel: [    0.313699] pci 0000:00:07.7: reg 10: [io  0x1080-0x10bf]
Jan  7 20:38:48 kernel: [    0.314270] pci 0000:00:07.7: reg 14: [mem 0xc8000000-0xc8001fff 64bit]
Jan  7 20:38:48 kernel: [    0.315999] pci 0000:00:0f.0: [15ad:0405] type 0 class 0x000300
Jan  7 20:38:48 kernel: [    0.316870] pci 0000:00:0f.0: reg 10: [io  0x10d0-0x10df]
Jan  7 20:38:48 kernel: [    0.318631] pci 0000:00:0f.0: reg 14: [mem 0xd0000000-0xd7ffffff pref]
Jan  7 20:38:48 kernel: [    0.319429] pci 0000:00:0f.0: reg 18: [mem 0xc8800000-0xc8ffffff]
Jan  7 20:38:48 kernel: [    0.323781] pci 0000:00:0f.0: reg 30: [mem 0x00000000-0x00007fff pref]
Jan  7 20:38:48 kernel: [    0.324027] pci 0000:00:10.0: [1000:0030] type 0 class 0x000100
Jan  7 20:38:48 kernel: [    0.324499] pci 0000:00:10.0: reg 10: [io  0x1400-0x14ff]
Jan  7 20:38:48 kernel: [    0.325124] pci 0000:00:10.0: reg 14: [mem 0xc8040000-0xc805ffff 64bit]
Jan  7 20:38:48 kernel: [    0.325704] pci 0000:00:10.0: reg 1c: [mem 0xc8020000-0xc803ffff 64bit]
Jan  7 20:38:48 kernel: [    0.326569] pci 0000:00:10.0: reg 30: [mem 0x00000000-0x00003fff pref]
Jan  7 20:38:48 kernel: [    0.326697] pci 0000:00:11.0: [15ad:0790] type 1 class 0x000604
Jan  7 20:38:48 kernel: [    0.327368] pci 0000:00:15.0: [15ad:07a0] type 1 class 0x000604
Jan  7 20:38:48 kernel: [    0.328935] pci 0000:00:15.0: PME# supported from D0 D3hot D3cold
Jan  7 20:38:48 kernel: [    0.328954] pci 0000:00:15.0: PME# disabled
Jan  7 20:38:48 kernel: [    0.329160] pci 0000:00:15.1: [15ad:07a0] type 1 class 0x000604
Jan  7 20:38:48 kernel: [    0.329751] pci 0000:00:15.1: PME# supported from D0 D3hot D3cold
Jan  7 20:38:48 kernel: [    0.329770] pci 0000:00:15.1: PME# disabled
Jan  7 20:38:48 kernel: [    0.329953] pci 0000:00:15.2: [15ad:07a0] type 1 class 0x000604
Jan  7 20:38:48 kernel: [    0.330543] pci 0000:00:15.2: PME# supported from D0 D3hot D3cold
Jan  7 20:38:48 kernel: [    0.330561] pci 0000:00:15.2: PME# disabled
Jan  7 20:38:48 kernel: [    0.330744] pci 0000:00:15.3: [15ad:07a0] type 1 class 0x000604
Jan  7 20:38:48 kernel: [    0.331326] pci 0000:00:15.3: PME# supported from D0 D3hot D3cold
Jan  7 20:38:48 kernel: [    0.331345] pci 0000:00:15.3: PME# disabled
Jan  7 20:38:48 kernel: [    0.331544] pci 0000:00:15.4: [15ad:07a0] type 1 class 0x000604
Jan  7 20:38:48 kernel: [    0.332126] pci 0000:00:15.4: PME# supported from D0 D3hot D3cold
Jan  7 20:38:48 kernel: [    0.332145] pci 0000:00:15.4: PME# disabled
Jan  7 20:38:48 kernel: [    0.332329] pci 0000:00:15.5: [15ad:07a0] type 1 class 0x000604
Jan  7 20:38:48 kernel: [    0.333924] pci 0000:00:15.5: PME# supported from D0 D3hot D3cold
Jan  7 20:38:48 kernel: [    0.333946] pci 0000:00:15.5: PME# disabled
Jan  7 20:38:48 kernel: [    0.334165] pci 0000:00:15.6: [15ad:07a0] type 1 class 0x000604
Jan  7 20:38:48 kernel: [    0.334858] pci 0000:00:15.6: PME# supported from D0 D3hot D3cold
Jan  7 20:38:48 kernel: [    0.334877] pci 0000:00:15.6: PME# disabled
Jan  7 20:38:48 kernel: [    0.335061] pci 0000:00:15.7: [15ad:07a0] type 1 class 0x000604
Jan  7 20:38:48 kernel: [    0.335659] pci 0000:00:15.7: PME# supported from D0 D3hot D3cold
Jan  7 20:38:48 kernel: [    0.335678] pci 0000:00:15.7: PME# disabled
Jan  7 20:38:48 kernel: [    0.335969] pci 0000:00:16.0: [15ad:07a0] type 1 class 0x000604
Jan  7 20:38:48 kernel: [    0.336556] pci 0000:00:16.0: PME# supported from D0 D3hot D3cold
Jan  7 20:38:48 kernel: [    0.336620] pci 0000:00:16.0: PME# disabled
Jan  7 20:38:48 kernel: [    0.336813] pci 0000:00:16.1: [15ad:07a0] type 1 class 0x000604
Jan  7 20:38:48 kernel: [    0.337401] pci 0000:00:16.1: PME# supported from D0 D3hot D3cold
Jan  7 20:38:48 kernel: [    0.337419] pci 0000:00:16.1: PME# disabled
Jan  7 20:38:48 kernel: [    0.337607] pci 0000:00:16.2: [15ad:07a0] type 1 class 0x000604
Jan  7 20:38:48 kernel: [    0.338196] pci 0000:00:16.2: PME# supported from D0 D3hot D3cold
Jan  7 20:38:48 kernel: [    0.338215] pci 0000:00:16.2: PME# disabled
Jan  7 20:38:48 kernel: [    0.338399] pci 0000:00:16.3: [15ad:07a0] type 1 class 0x000604
Jan  7 20:38:48 kernel: [    0.338992] pci 0000:00:16.3: PME# supported from D0 D3hot D3cold
Jan  7 20:38:48 kernel: [    0.339010] pci 0000:00:16.3: PME# disabled
Jan  7 20:38:48 kernel: [    0.339194] pci 0000:00:16.4: [15ad:07a0] type 1 class 0x000604
Jan  7 20:38:48 kernel: [    0.339793] pci 0000:00:16.4: PME# supported from D0 D3hot D3cold
Jan  7 20:38:48 kernel: [    0.339811] pci 0000:00:16.4: PME# disabled
Jan  7 20:38:48 kernel: [    0.339996] pci 0000:00:16.5: [15ad:07a0] type 1 class 0x000604
Jan  7 20:38:48 kernel: [    0.340590] pci 0000:00:16.5: PME# supported from D0 D3hot D3cold
Jan  7 20:38:48 kernel: [    0.340609] pci 0000:00:16.5: PME# disabled
Jan  7 20:38:48 kernel: [    0.340793] pci 0000:00:16.6: [15ad:07a0] type 1 class 0x000604
Jan  7 20:38:48 kernel: [    0.341375] pci 0000:00:16.6: PME# supported from D0 D3hot D3cold
Jan  7 20:38:48 kernel: [    0.341394] pci 0000:00:16.6: PME# disabled
Jan  7 20:38:48 kernel: [    0.341585] pci 0000:00:16.7: [15ad:07a0] type 1 class 0x000604
Jan  7 20:38:48 kernel: [    0.342167] pci 0000:00:16.7: PME# supported from D0 D3hot D3cold
Jan  7 20:38:48 kernel: [    0.342186] pci 0000:00:16.7: PME# disabled
Jan  7 20:38:48 kernel: [    0.342502] pci 0000:00:17.0: [15ad:07a0] type 1 class 0x000604
Jan  7 20:38:48 kernel: [    0.343092] pci 0000:00:17.0: PME# supported from D0 D3hot D3cold
Jan  7 20:38:48 kernel: [    0.343111] pci 0000:00:17.0: PME# disabled
Jan  7 20:38:48 kernel: [    0.343295] pci 0000:00:17.1: [15ad:07a0] type 1 class 0x000604
Jan  7 20:38:48 kernel: [    0.343890] pci 0000:00:17.1: PME# supported from D0 D3hot D3cold
Jan  7 20:38:48 kernel: [    0.343908] pci 0000:00:17.1: PME# disabled
Jan  7 20:38:48 kernel: [    0.344094] pci 0000:00:17.2: [15ad:07a0] type 1 class 0x000604
Jan  7 20:38:48 kernel: [    0.344773] pci 0000:00:17.2: PME# supported from D0 D3hot D3cold
Jan  7 20:38:48 kernel: [    0.344794] pci 0000:00:17.2: PME# disabled
Jan  7 20:38:48 kernel: [    0.344997] pci 0000:00:17.3: [15ad:07a0] type 1 class 0x000604
Jan  7 20:38:48 kernel: [    0.345585] pci 0000:00:17.3: PME# supported from D0 D3hot D3cold
Jan  7 20:38:48 kernel: [    0.345604] pci 0000:00:17.3: PME# disabled
Jan  7 20:38:48 kernel: [    0.345789] pci 0000:00:17.4: [15ad:07a0] type 1 class 0x000604
Jan  7 20:38:48 kernel: [    0.346372] pci 0000:00:17.4: PME# supported from D0 D3hot D3cold
Jan  7 20:38:48 kernel: [    0.346391] pci 0000:00:17.4: PME# disabled
Jan  7 20:38:48 kernel: [    0.346587] pci 0000:00:17.5: [15ad:07a0] type 1 class 0x000604
Jan  7 20:38:48 kernel: [    0.347169] pci 0000:00:17.5: PME# supported from D0 D3hot D3cold
Jan  7 20:38:48 kernel: [    0.347187] pci 0000:00:17.5: PME# disabled
Jan  7 20:38:48 kernel: [    0.347371] pci 0000:00:17.6: [15ad:07a0] type 1 class 0x000604
Jan  7 20:38:48 kernel: [    0.348988] pci 0000:00:17.6: PME# supported from D0 D3hot D3cold
Jan  7 20:38:48 kernel: [    0.349010] pci 0000:00:17.6: PME# disabled
Jan  7 20:38:48 kernel: [    0.349230] pci 0000:00:17.7: [15ad:07a0] type 1 class 0x000604
Jan  7 20:38:48 kernel: [    0.349890] pci 0000:00:17.7: PME# supported from D0 D3hot D3cold
Jan  7 20:38:48 kernel: [    0.349909] pci 0000:00:17.7: PME# disabled
Jan  7 20:38:48 kernel: [    0.350206] pci 0000:00:18.0: [15ad:07a0] type 1 class 0x000604
Jan  7 20:38:48 kernel: [    0.350801] pci 0000:00:18.0: PME# supported from D0 D3hot D3cold
Jan  7 20:38:48 kernel: [    0.350820] pci 0000:00:18.0: PME# disabled
Jan  7 20:38:48 kernel: [    0.351004] pci 0000:00:18.1: [15ad:07a0] type 1 class 0x000604
Jan  7 20:38:48 kernel: [    0.351604] pci 0000:00:18.1: PME# supported from D0 D3hot D3cold
Jan  7 20:38:48 kernel: [    0.351622] pci 0000:00:18.1: PME# disabled
Jan  7 20:38:48 kernel: [    0.351807] pci 0000:00:18.2: [15ad:07a0] type 1 class 0x000604
Jan  7 20:38:48 kernel: [    0.352390] pci 0000:00:18.2: PME# supported from D0 D3hot D3cold
Jan  7 20:38:48 kernel: [    0.352408] pci 0000:00:18.2: PME# disabled
Jan  7 20:38:48 kernel: [    0.353541] pci 0000:00:18.3: [15ad:07a0] type 1 class 0x000604
Jan  7 20:38:48 kernel: [    0.354240] pci 0000:00:18.3: PME# supported from D0 D3hot D3cold
Jan  7 20:38:48 kernel: [    0.354261] pci 0000:00:18.3: PME# disabled
Jan  7 20:38:48 kernel: [    0.354480] pci 0000:00:18.4: [15ad:07a0] type 1 class 0x000604
Jan  7 20:38:48 kernel: [    0.355101] pci 0000:00:18.4: PME# supported from D0 D3hot D3cold
Jan  7 20:38:48 kernel: [    0.355119] pci 0000:00:18.4: PME# disabled
Jan  7 20:38:48 kernel: [    0.355304] pci 0000:00:18.5: [15ad:07a0] type 1 class 0x000604
Jan  7 20:38:48 kernel: [    0.355895] pci 0000:00:18.5: PME# supported from D0 D3hot D3cold
Jan  7 20:38:48 kernel: [    0.355913] pci 0000:00:18.5: PME# disabled
Jan  7 20:38:48 kernel: [    0.356098] pci 0000:00:18.6: [15ad:07a0] type 1 class 0x000604
Jan  7 20:38:48 kernel: [    0.356687] pci 0000:00:18.6: PME# supported from D0 D3hot D3cold
Jan  7 20:38:48 kernel: [    0.356706] pci 0000:00:18.6: PME# disabled
Jan  7 20:38:48 kernel: [    0.356890] pci 0000:00:18.7: [15ad:07a0] type 1 class 0x000604
Jan  7 20:38:48 kernel: [    0.357473] pci 0000:00:18.7: PME# supported from D0 D3hot D3cold
Jan  7 20:38:48 kernel: [    0.357491] pci 0000:00:18.7: PME# disabled
Jan  7 20:38:48 kernel: [    0.358982] pci 0000:00:01.0: PCI bridge to [bus 01-01]
Jan  7 20:38:48 kernel: [    0.359544] pci 0000:02:00.0: [15ad:0774] type 0 class 0x000c03
Jan  7 20:38:48 kernel: [    0.360631] pci 0000:02:00.0: reg 20: [io  0x2080-0x209f]
Jan  7 20:38:48 kernel: [    0.361187] pci 0000:02:01.0: [8086:100f] type 0 class 0x000200
Jan  7 20:38:48 kernel: [    0.361862] pci 0000:02:01.0: reg 10: [mem 0xc9020000-0xc903ffff 64bit]
Jan  7 20:38:48 kernel: [    0.362455] pci 0000:02:01.0: reg 18: [mem 0xc9000000-0xc900ffff 64bit]
Jan  7 20:38:48 kernel: [    0.363890] pci 0000:02:01.0: reg 20: [io  0x2000-0x203f]
Jan  7 20:38:48 kernel: [    0.364869] pci 0000:02:01.0: reg 30: [mem 0x00000000-0x0000ffff pref]
Jan  7 20:38:48 kernel: [    0.365181] pci 0000:02:02.0: [1274:1371] type 0 class 0x000401
Jan  7 20:38:48 kernel: [    0.365455] pci 0000:02:02.0: reg 10: [io  0x2040-0x207f]
Jan  7 20:38:48 kernel: [    0.367029] pci 0000:02:03.0: [15ad:0770] type 0 class 0x000c03
Jan  7 20:38:48 kernel: [    0.367229] pci 0000:02:03.0: reg 10: [mem 0xc9010000-0xc9010fff]
Jan  7 20:38:48 kernel: [    0.369756] pci 0000:00:11.0: PCI bridge to [bus 02-02] (subtractive decode)
Jan  7 20:38:48 kernel: [    0.369776] pci 0000:00:11.0:   bridge window [io  0x2000-0x3fff]
Jan  7 20:38:48 kernel: [    0.369794] pci 0000:00:11.0:   bridge window [mem 0xc9000000-0xca3fffff]
Jan  7 20:38:48 kernel: [    0.369828] pci 0000:00:11.0:   bridge window [mem 0xd8400000-0xd89fffff 64bit pref]
Jan  7 20:38:48 kernel: [    0.369831] pci 0000:00:11.0:   bridge window [mem 0x000a0000-0x000bffff] (subtractive decode)
Jan  7 20:38:48 kernel: [    0.369832] pci 0000:00:11.0:   bridge window [mem 0x000cc000-0x000cffff] (subtractive decode)
Jan  7 20:38:48 kernel: [    0.369834] pci 0000:00:11.0:   bridge window [mem 0x000d0000-0x000d3fff] (subtractive decode)
Jan  7 20:38:48 kernel: [    0.369835] pci 0000:00:11.0:   bridge window [mem 0x000d4000-0x000d7fff] (subtractive decode)
Jan  7 20:38:48 kernel: [    0.369837] pci 0000:00:11.0:   bridge window [mem 0x000d8000-0x000dbfff] (subtractive decode)
Jan  7 20:38:48 kernel: [    0.369838] pci 0000:00:11.0:   bridge window [mem 0xc0000000-0xfebfffff] (subtractive decode)
Jan  7 20:38:48 kernel: [    0.369840] pci 0000:00:11.0:   bridge window [io  0x0000-0x0cf7] (subtractive decode)
Jan  7 20:38:48 kernel: [    0.369841] pci 0000:00:11.0:   bridge window [io  0x0d00-0xfeff] (subtractive decode)
Jan  7 20:38:48 kernel: [    0.370228] pci 0000:00:15.0: PCI bridge to [bus 03-03]
Jan  7 20:38:48 kernel: [    0.370247] pci 0000:00:15.0:   bridge window [io  0x4000-0x4fff]
Jan  7 20:38:48 kernel: [    0.370266] pci 0000:00:15.0:   bridge window [mem 0xca400000-0xca4fffff]
Jan  7 20:38:48 kernel: [    0.370300] pci 0000:00:15.0:   bridge window [mem 0xd8a00000-0xd8afffff 64bit pref]
Jan  7 20:38:48 kernel: [    0.370681] pci 0000:00:15.1: PCI bridge to [bus 04-04]
Jan  7 20:38:48 kernel: [    0.370700] pci 0000:00:15.1:   bridge window [io  0x8000-0x8fff]
Jan  7 20:38:48 kernel: [    0.370719] pci 0000:00:15.1:   bridge window [mem 0xca800000-0xca8fffff]
Jan  7 20:38:48 kernel: [    0.370753] pci 0000:00:15.1:   bridge window [mem 0xd8e00000-0xd8efffff 64bit pref]
Jan  7 20:38:48 kernel: [    0.371124] pci 0000:00:15.2: PCI bridge to [bus 05-05]
Jan  7 20:38:48 kernel: [    0.371143] pci 0000:00:15.2:   bridge window [io  0xc000-0xcfff]
Jan  7 20:38:48 kernel: [    0.371161] pci 0000:00:15.2:   bridge window [mem 0xcac00000-0xcacfffff]
Jan  7 20:38:48 kernel: [    0.371195] pci 0000:00:15.2:   bridge window [mem 0xd9200000-0xd92fffff 64bit pref]
Jan  7 20:38:48 kernel: [    0.371582] pci 0000:00:15.3: PCI bridge to [bus 06-06]
Jan  7 20:38:48 kernel: [    0.371618] pci 0000:00:15.3:   bridge window [mem 0xcb000000-0xcb0fffff]
Jan  7 20:38:48 kernel: [    0.371652] pci 0000:00:15.3:   bridge window [mem 0xd9600000-0xd96fffff 64bit pref]
Jan  7 20:38:48 kernel: [    0.372023] pci 0000:00:15.4: PCI bridge to [bus 07-07]
Jan  7 20:38:48 kernel: [    0.372058] pci 0000:00:15.4:   bridge window [mem 0xcb400000-0xcb4fffff]
Jan  7 20:38:48 kernel: [    0.372093] pci 0000:00:15.4:   bridge window [mem 0xd9a00000-0xd9afffff 64bit pref]
Jan  7 20:38:48 kernel: [    0.372464] pci 0000:00:15.5: PCI bridge to [bus 08-08]
Jan  7 20:38:48 kernel: [    0.373440] pci 0000:00:15.5:   bridge window [mem 0xcb800000-0xcb8fffff]
Jan  7 20:38:48 kernel: [    0.373475] pci 0000:00:15.5:   bridge window [mem 0xd9e00000-0xd9efffff 64bit pref]
Jan  7 20:38:48 kernel: [    0.373902] pci 0000:00:15.6: PCI bridge to [bus 09-09]
Jan  7 20:38:48 kernel: [    0.373944] pci 0000:00:15.6:   bridge window [mem 0xcbc00000-0xcbcfffff]
Jan  7 20:38:48 kernel: [    0.373985] pci 0000:00:15.6:   bridge window [mem 0xda200000-0xda2fffff 64bit pref]
Jan  7 20:38:48 kernel: [    0.374425] pci 0000:00:15.7: PCI bridge to [bus 0a-0a]
Jan  7 20:38:48 kernel: [    0.374468] pci 0000:00:15.7:   bridge window [mem 0xcc000000-0xcc0fffff]
Jan  7 20:38:48 kernel: [    0.374510] pci 0000:00:15.7:   bridge window [mem 0xda600000-0xda6fffff 64bit pref]
Jan  7 20:38:48 kernel: [    0.374913] pci 0000:00:16.0: PCI bridge to [bus 0b-0b]
Jan  7 20:38:48 kernel: [    0.374932] pci 0000:00:16.0:   bridge window [io  0x5000-0x5fff]
Jan  7 20:38:48 kernel: [    0.374951] pci 0000:00:16.0:   bridge window [mem 0xca500000-0xca5fffff]
Jan  7 20:38:48 kernel: [    0.374985] pci 0000:00:16.0:   bridge window [mem 0xd8b00000-0xd8bfffff 64bit pref]
Jan  7 20:38:48 kernel: [    0.375355] pci 0000:00:16.1: PCI bridge to [bus 0c-0c]
Jan  7 20:38:48 kernel: [    0.375374] pci 0000:00:16.1:   bridge window [io  0x9000-0x9fff]
Jan  7 20:38:48 kernel: [    0.375392] pci 0000:00:16.1:   bridge window [mem 0xca900000-0xca9fffff]
Jan  7 20:38:48 kernel: [    0.375435] pci 0000:00:16.1:   bridge window [mem 0xd8f00000-0xd8ffffff 64bit pref]
Jan  7 20:38:48 kernel: [    0.375812] pci 0000:00:16.2: PCI bridge to [bus 0d-0d]
Jan  7 20:38:48 kernel: [    0.375831] pci 0000:00:16.2:   bridge window [io  0xd000-0xdfff]
Jan  7 20:38:48 kernel: [    0.375849] pci 0000:00:16.2:   bridge window [mem 0xcad00000-0xcadfffff]
Jan  7 20:38:48 kernel: [    0.375884] pci 0000:00:16.2:   bridge window [mem 0xd9300000-0xd93fffff 64bit pref]
Jan  7 20:38:48 kernel: [    0.376254] pci 0000:00:16.3: PCI bridge to [bus 0e-0e]
Jan  7 20:38:48 kernel: [    0.376290] pci 0000:00:16.3:   bridge window [mem 0xcb100000-0xcb1fffff]
Jan  7 20:38:48 kernel: [    0.376324] pci 0000:00:16.3:   bridge window [mem 0xd9700000-0xd97fffff 64bit pref]
Jan  7 20:38:48 kernel: [    0.376734] pci 0000:00:16.4: PCI bridge to [bus 0f-0f]
Jan  7 20:38:48 kernel: [    0.376772] pci 0000:00:16.4:   bridge window [mem 0xcb500000-0xcb5fffff]
Jan  7 20:38:48 kernel: [    0.376807] pci 0000:00:16.4:   bridge window [mem 0xd9b00000-0xd9bfffff 64bit pref]
Jan  7 20:38:48 kernel: [    0.377193] pci 0000:00:16.5: PCI bridge to [bus 10-10]
Jan  7 20:38:48 kernel: [    0.377230] pci 0000:00:16.5:   bridge window [mem 0xcb900000-0xcb9fffff]
Jan  7 20:38:48 kernel: [    0.377265] pci 0000:00:16.5:   bridge window [mem 0xd9f00000-0xd9ffffff 64bit pref]
Jan  7 20:38:48 kernel: [    0.377644] pci 0000:00:16.6: PCI bridge to [bus 11-11]
Jan  7 20:38:48 kernel: [    0.377679] pci 0000:00:16.6:   bridge window [mem 0xcbd00000-0xcbdfffff]
Jan  7 20:38:48 kernel: [    0.377713] pci 0000:00:16.6:   bridge window [mem 0xda300000-0xda3fffff 64bit pref]
Jan  7 20:38:48 kernel: [    0.378084] pci 0000:00:16.7: PCI bridge to [bus 12-12]
Jan  7 20:38:48 kernel: [    0.378119] pci 0000:00:16.7:   bridge window [mem 0xcc100000-0xcc1fffff]
Jan  7 20:38:48 kernel: [    0.378153] pci 0000:00:16.7:   bridge window [mem 0xda700000-0xda7fffff 64bit pref]
Jan  7 20:38:48 kernel: [    0.378527] pci 0000:00:17.0: PCI bridge to [bus 13-13]
Jan  7 20:38:48 kernel: [    0.378547] pci 0000:00:17.0:   bridge window [io  0x6000-0x6fff]
Jan  7 20:38:48 kernel: [    0.378565] pci 0000:00:17.0:   bridge window [mem 0xca600000-0xca6fffff]
Jan  7 20:38:48 kernel: [    0.378599] pci 0000:00:17.0:   bridge window [mem 0xd8c00000-0xd8cfffff 64bit pref]
Jan  7 20:38:48 kernel: [    0.378988] pci 0000:00:17.1: PCI bridge to [bus 14-14]
Jan  7 20:38:48 kernel: [    0.379008] pci 0000:00:17.1:   bridge window [io  0xa000-0xafff]
Jan  7 20:38:48 kernel: [    0.379026] pci 0000:00:17.1:   bridge window [mem 0xcaa00000-0xcaafffff]
Jan  7 20:38:48 kernel: [    0.379061] pci 0000:00:17.1:   bridge window [mem 0xd9000000-0xd90fffff 64bit pref]
Jan  7 20:38:48 kernel: [    0.379447] pci 0000:00:17.2: PCI bridge to [bus 15-15]
Jan  7 20:38:48 kernel: [    0.379466] pci 0000:00:17.2:   bridge window [io  0xe000-0xefff]
Jan  7 20:38:48 kernel: [    0.379485] pci 0000:00:17.2:   bridge window [mem 0xcae00000-0xcaefffff]
Jan  7 20:38:48 kernel: [    0.379527] pci 0000:00:17.2:   bridge window [mem 0xd9400000-0xd94fffff 64bit pref]
Jan  7 20:38:48 kernel: [    0.379904] pci 0000:00:17.3: PCI bridge to [bus 16-16]
Jan  7 20:38:48 kernel: [    0.379939] pci 0000:00:17.3:   bridge window [mem 0xcb200000-0xcb2fffff]
Jan  7 20:38:48 kernel: [    0.379973] pci 0000:00:17.3:   bridge window [mem 0xd9800000-0xd98fffff 64bit pref]
Jan  7 20:38:48 kernel: [    0.380344] pci 0000:00:17.4: PCI bridge to [bus 17-17]
Jan  7 20:38:48 kernel: [    0.380379] pci 0000:00:17.4:   bridge window [mem 0xcb600000-0xcb6fffff]
Jan  7 20:38:48 kernel: [    0.380414] pci 0000:00:17.4:   bridge window [mem 0xd9c00000-0xd9cfffff 64bit pref]
Jan  7 20:38:48 kernel: [    0.380801] pci 0000:00:17.5: PCI bridge to [bus 18-18]
Jan  7 20:38:48 kernel: [    0.380837] pci 0000:00:17.5:   bridge window [mem 0xcba00000-0xcbafffff]
Jan  7 20:38:48 kernel: [    0.380871] pci 0000:00:17.5:   bridge window [mem 0xda000000-0xda0fffff 64bit pref]
Jan  7 20:38:48 kernel: [    0.381242] pci 0000:00:17.6: PCI bridge to [bus 19-19]
Jan  7 20:38:48 kernel: [    0.381278] pci 0000:00:17.6:   bridge window [mem 0xcbe00000-0xcbefffff]
Jan  7 20:38:48 kernel: [    0.381312] pci 0000:00:17.6:   bridge window [mem 0xda400000-0xda4fffff 64bit pref]
Jan  7 20:38:48 kernel: [    0.381689] pci 0000:00:17.7: PCI bridge to [bus 1a-1a]
Jan  7 20:38:48 kernel: [    0.381725] pci 0000:00:17.7:   bridge window [mem 0xcc200000-0xcc2fffff]
Jan  7 20:38:48 kernel: [    0.381759] pci 0000:00:17.7:   bridge window [mem 0xda800000-0xda8fffff 64bit pref]
Jan  7 20:38:48 kernel: [    0.382130] pci 0000:00:18.0: PCI bridge to [bus 1b-1b]
Jan  7 20:38:48 kernel: [    0.382149] pci 0000:00:18.0:   bridge window [io  0x7000-0x7fff]
Jan  7 20:38:48 kernel: [    0.382167] pci 0000:00:18.0:   bridge window [mem 0xca700000-0xca7fffff]
Jan  7 20:38:48 kernel: [    0.382202] pci 0000:00:18.0:   bridge window [mem 0xd8d00000-0xd8dfffff 64bit pref]
Jan  7 20:38:48 kernel: [    0.382579] pci 0000:00:18.1: PCI bridge to [bus 1c-1c]
Jan  7 20:38:48 kernel: [    0.382598] pci 0000:00:18.1:   bridge window [io  0xb000-0xbfff]
Jan  7 20:38:48 kernel: [    0.382616] pci 0000:00:18.1:   bridge window [mem 0xcab00000-0xcabfffff]
Jan  7 20:38:48 kernel: [    0.382651] pci 0000:00:18.1:   bridge window [mem 0xd9100000-0xd91fffff 64bit pref]
Jan  7 20:38:48 kernel: [    0.383021] pci 0000:00:18.2: PCI bridge to [bus 1d-1d]
Jan  7 20:38:48 kernel: [    0.383040] pci 0000:00:18.2:   bridge window [io  0xf000-0xffff]
Jan  7 20:38:48 kernel: [    0.383059] pci 0000:00:18.2:   bridge window [mem 0xcaf00000-0xcaffffff]
Jan  7 20:38:48 kernel: [    0.383093] pci 0000:00:18.2:   bridge window [mem 0xd9500000-0xd95fffff 64bit pref]
Jan  7 20:38:48 kernel: [    0.383475] pci 0000:00:18.3: PCI bridge to [bus 1e-1e]
Jan  7 20:38:48 kernel: [    0.383511] pci 0000:00:18.3:   bridge window [mem 0xcb300000-0xcb3fffff]
Jan  7 20:38:48 kernel: [    0.383546] pci 0000:00:18.3:   bridge window [mem 0xd9900000-0xd99fffff 64bit pref]
Jan  7 20:38:48 kernel: [    0.383918] pci 0000:00:18.4: PCI bridge to [bus 1f-1f]
Jan  7 20:38:48 kernel: [    0.383953] pci 0000:00:18.4:   bridge window [mem 0xcb700000-0xcb7fffff]
Jan  7 20:38:48 kernel: [    0.383987] pci 0000:00:18.4:   bridge window [mem 0xd9d00000-0xd9dfffff 64bit pref]
Jan  7 20:38:48 kernel: [    0.384359] pci 0000:00:18.5: PCI bridge to [bus 20-20]
Jan  7 20:38:48 kernel: [    0.384394] pci 0000:00:18.5:   bridge window [mem 0xcbb00000-0xcbbfffff]
Jan  7 20:38:48 kernel: [    0.384428] pci 0000:00:18.5:   bridge window [mem 0xda100000-0xda1fffff 64bit pref]
Jan  7 20:38:48 kernel: [    0.384806] pci 0000:00:18.6: PCI bridge to [bus 21-21]
Jan  7 20:38:48 kernel: [    0.384842] pci 0000:00:18.6:   bridge window [mem 0xcbf00000-0xcbffffff]
Jan  7 20:38:48 kernel: [    0.384876] pci 0000:00:18.6:   bridge window [mem 0xda500000-0xda5fffff 64bit pref]
Jan  7 20:38:48 kernel: [    0.385361] pci 0000:00:18.7: PCI bridge to [bus 22-22]
Jan  7 20:38:48 kernel: [    0.385396] pci 0000:00:18.7:   bridge window [mem 0xcc300000-0xcc3fffff]
Jan  7 20:38:48 kernel: [    0.385431] pci 0000:00:18.7:   bridge window [mem 0xda900000-0xda9fffff 64bit pref]
Jan  7 20:38:48 kernel: [    0.387251] ACPI: PCI Interrupt Routing Table [\_SB_.PCI0._PRT]
Jan  7 20:38:48 kernel: [    0.387782]  pci0000:00: Requesting ACPI _OSC control (0x1d)
Jan  7 20:38:48 kernel: [    0.387985]  pci0000:00: ACPI _OSC control (0x15) granted
Jan  7 20:38:48 kernel: [    0.456304] ACPI: PCI Interrupt Link [LNKA] (IRQs 3 4 5 6 7 *9 10 11 14 15)
Jan  7 20:38:48 kernel: [    0.456411] ACPI: PCI Interrupt Link [LNKB] (IRQs 3 4 5 6 7 9 10 *11 14 15)
Jan  7 20:38:48 kernel: [    0.456470] ACPI: PCI Interrupt Link [LNKC] (IRQs 3 4 5 6 7 9 *10 11 14 15)
Jan  7 20:38:48 kernel: [    0.456535] ACPI: PCI Interrupt Link [LNKD] (IRQs 3 4 *5 6 7 9 10 11 14 15)
Jan  7 20:38:48 kernel: [    0.456676] vgaarb: device added: PCI:0000:00:0f.0,decodes=io+mem,owns=io+mem,locks=none
Jan  7 20:38:48 kernel: [    0.456689] vgaarb: loaded
Jan  7 20:38:48 kernel: [    0.456691] vgaarb: bridge control possible 0000:00:0f.0
Jan  7 20:38:48 kernel: [    0.456798] i2c-core: driver [aat2870] using legacy suspend method
Jan  7 20:38:48 kernel: [    0.456801] i2c-core: driver [aat2870] using legacy resume method
Jan  7 20:38:48 kernel: [    0.456965] SCSI subsystem initialized
Jan  7 20:38:48 kernel: [    0.457112] libata version 3.00 loaded.
Jan  7 20:38:48 kernel: [    0.457160] usbcore: registered new interface driver usbfs
Jan  7 20:38:48 kernel: [    0.457182] usbcore: registered new interface driver hub
Jan  7 20:38:48 kernel: [    0.457326] usbcore: registered new device driver usb
Jan  7 20:38:48 kernel: [    0.457493] PCI: Using ACPI for IRQ routing
Jan  7 20:38:48 kernel: [    0.512746] PCI: pci_cache_line_size set to 64 bytes
Jan  7 20:38:48 kernel: [    0.512767] pci 0000:00:18.2: no compatible bridge window for [io  0xf000-0xffff]
Jan  7 20:38:48 kernel: [    0.513605] reserve RAM buffer: 000000000009f400 - 000000000009ffff 
Jan  7 20:38:48 kernel: [    0.513607] reserve RAM buffer: 000000003fee0000 - 000000003fffffff 
Jan  7 20:38:48 kernel: [    0.513860] NetLabel: Initializing
Jan  7 20:38:48 kernel: [    0.513863] NetLabel:  domain hash size = 128
Jan  7 20:38:48 kernel: [    0.513864] NetLabel:  protocols = UNLABELED CIPSOv4
Jan  7 20:38:48 kernel: [    0.513872] NetLabel:  unlabeled traffic allowed by default
Jan  7 20:38:48 kernel: [    0.514019] hpet0: at MMIO 0xfed00000, IRQs 2, 8, 0, 0, 0, 0, 0, 0, 0, 0, 0, 0, 0, 0, 0, 0
Jan  7 20:38:48 kernel: [    0.514028] hpet0: 16 comparators, 64-bit 14.318180 MHz counter
Jan  7 20:38:48 kernel: [    0.516077] Switching to clocksource hpet
Jan  7 20:38:48 kernel: [    0.532933] AppArmor: AppArmor Filesystem Enabled
Jan  7 20:38:48 kernel: [    0.532958] pnp: PnP ACPI init
Jan  7 20:38:48 kernel: [    0.532971] ACPI: bus type pnp registered
Jan  7 20:38:48 kernel: [    0.533531] pnp 00:00: [bus 00-ff]
Jan  7 20:38:48 kernel: [    0.533533] pnp 00:00: [mem 0x000a0000-0x000bffff window]
Jan  7 20:38:48 kernel: [    0.533535] pnp 00:00: [mem 0x000c0000-0x000c3fff window]
Jan  7 20:38:48 kernel: [    0.533536] pnp 00:00: [mem 0x000c4000-0x000c7fff window]
Jan  7 20:38:48 kernel: [    0.533537] pnp 00:00: [mem 0x000c8000-0x000cbfff window]
Jan  7 20:38:48 kernel: [    0.533538] pnp 00:00: [mem 0x000cc000-0x000cffff window]
Jan  7 20:38:48 kernel: [    0.533540] pnp 00:00: [mem 0x000d0000-0x000d3fff window]
Jan  7 20:38:48 kernel: [    0.533541] pnp 00:00: [mem 0x000d4000-0x000d7fff window]
Jan  7 20:38:48 kernel: [    0.533542] pnp 00:00: [mem 0x000d8000-0x000dbfff window]
Jan  7 20:38:48 kernel: [    0.533544] pnp 00:00: [mem 0x000dc000-0x000dffff window]
Jan  7 20:38:48 kernel: [    0.533545] pnp 00:00: [mem 0x000e0000-0x000e3fff window]
Jan  7 20:38:48 kernel: [    0.533546] pnp 00:00: [mem 0x000e4000-0x000e7fff window]
Jan  7 20:38:48 kernel: [    0.533547] pnp 00:00: [mem 0x000e8000-0x000ebfff window]
Jan  7 20:38:48 kernel: [    0.533549] pnp 00:00: [mem 0x000ec000-0x000effff window]
Jan  7 20:38:48 kernel: [    0.533550] pnp 00:00: [mem 0xc0000000-0xfebfffff window]
Jan  7 20:38:48 kernel: [    0.533552] pnp 00:00: [io  0x0cf8-0x0cff]
Jan  7 20:38:48 kernel: [    0.533553] pnp 00:00: [io  0x0000-0x0cf7 window]
Jan  7 20:38:48 kernel: [    0.533555] pnp 00:00: [io  0x0d00-0xfeff window]
Jan  7 20:38:48 kernel: [    0.533615] pnp 00:00: Plug and Play ACPI device, IDs PNP0a03 PNP0a08 (active)
Jan  7 20:38:48 kernel: [    0.533673] pnp 00:01: [io  0x0010-0x001f]
Jan  7 20:38:48 kernel: [    0.533674] pnp 00:01: [io  0x0024-0x0025]
Jan  7 20:38:48 kernel: [    0.533676] pnp 00:01: [io  0x0028-0x0029]
Jan  7 20:38:48 kernel: [    0.533677] pnp 00:01: [io  0x002c-0x002d]
Jan  7 20:38:48 kernel: [    0.533678] pnp 00:01: [io  0x002e-0x002f]
Jan  7 20:38:48 kernel: [    0.533679] pnp 00:01: [io  0x0030-0x0031]
Jan  7 20:38:48 kernel: [    0.533680] pnp 00:01: [io  0x0034-0x0035]
Jan  7 20:38:48 kernel: [    0.533681] pnp 00:01: [io  0x0038-0x0039]
Jan  7 20:38:48 kernel: [    0.533682] pnp 00:01: [io  0x003c-0x003d]
Jan  7 20:38:48 kernel: [    0.533683] pnp 00:01: [io  0x0050-0x0053]
Jan  7 20:38:48 kernel: [    0.533684] pnp 00:01: [io  0x0072-0x0077]
Jan  7 20:38:48 kernel: [    0.533700] pnp 00:01: [io  0x0080]
Jan  7 20:38:48 kernel: [    0.533701] pnp 00:01: [io  0x0090-0x009f]
Jan  7 20:38:48 kernel: [    0.533702] pnp 00:01: [io  0x00a4-0x00a5]
Jan  7 20:38:48 kernel: [    0.533703] pnp 00:01: [io  0x00a8-0x00a9]
Jan  7 20:38:48 kernel: [    0.533704] pnp 00:01: [io  0x00ac-0x00ad]
Jan  7 20:38:48 kernel: [    0.533705] pnp 00:01: [io  0x00b0-0x00b5]
Jan  7 20:38:48 kernel: [    0.533706] pnp 00:01: [io  0x00b8-0x00b9]
Jan  7 20:38:48 kernel: [    0.533707] pnp 00:01: [io  0x00bc-0x00bd]
Jan  7 20:38:48 kernel: [    0.533708] pnp 00:01: [io  0x1000-0x103f]
Jan  7 20:38:48 kernel: [    0.533709] pnp 00:01: [io  0x1040-0x104f]
Jan  7 20:38:48 kernel: [    0.533710] pnp 00:01: [io  0x0cf0-0x0cf1]
Jan  7 20:38:48 kernel: [    0.533779] system 00:01: [io  0x1000-0x103f] has been reserved
Jan  7 20:38:48 kernel: [    0.533782] system 00:01: [io  0x1040-0x104f] has been reserved
Jan  7 20:38:48 kernel: [    0.533785] system 00:01: [io  0x0cf0-0x0cf1] has been reserved
Jan  7 20:38:48 kernel: [    0.533788] system 00:01: Plug and Play ACPI device, IDs PNP0c02 (active)
Jan  7 20:38:48 kernel: [    0.533796] pnp 00:02: [io  0x0000-0x000f]
Jan  7 20:38:48 kernel: [    0.533797] pnp 00:02: [io  0x0081-0x008f]
Jan  7 20:38:48 kernel: [    0.533798] pnp 00:02: [io  0x00c0-0x00df]
Jan  7 20:38:48 kernel: [    0.533799] pnp 00:02: [dma 4]
Jan  7 20:38:48 kernel: [    0.533812] pnp 00:02: Plug and Play ACPI device, IDs PNP0200 (active)
Jan  7 20:38:48 kernel: [    0.533817] pnp 00:03: [io  0x0020-0x0021]
Jan  7 20:38:48 kernel: [    0.533818] pnp 00:03: [io  0x00a0-0x00a1]
Jan  7 20:38:48 kernel: [    0.533819] pnp 00:03: [io  0x04d0-0x04d1]
Jan  7 20:38:48 kernel: [    0.533820] pnp 00:03: [irq 2 disabled]
Jan  7 20:38:48 kernel: [    0.533849] pnp 00:03: Plug and Play ACPI device, IDs PNP0001 (active)
Jan  7 20:38:48 kernel: [    0.533855] pnp 00:04: [io  0x0070-0x0071]
Jan  7 20:38:48 kernel: [    0.533868] pnp 00:04: [irq 8]
Jan  7 20:38:48 kernel: [    0.533896] pnp 00:04: Plug and Play ACPI device, IDs PNP0b00 (active)
Jan  7 20:38:48 kernel: [    0.533902] pnp 00:05: [io  0x0061]
Jan  7 20:38:48 kernel: [    0.533914] pnp 00:05: Plug and Play ACPI device, IDs PNP0800 (active)
Jan  7 20:38:48 kernel: [    0.533918] pnp 00:06: [io  0x0060]
Jan  7 20:38:48 kernel: [    0.533919] pnp 00:06: [io  0x0064]
Jan  7 20:38:48 kernel: [    0.533926] pnp 00:06: [irq 1]
Jan  7 20:38:48 kernel: [    0.533970] pnp 00:06: Plug and Play ACPI device, IDs PNP0303 (active)
Jan  7 20:38:48 kernel: [    0.534000] pnp 00:07: [irq 12]
Jan  7 20:38:48 kernel: [    0.534029] pnp 00:07: Plug and Play ACPI device, IDs PNP0f13 (active)
Jan  7 20:38:48 kernel: [    0.534171] pnp 00:08: [mem 0xfed00000-0xfed003ff]
Jan  7 20:38:48 kernel: [    0.534200] system 00:08: [mem 0xfed00000-0xfed003ff] has been reserved
Jan  7 20:38:48 kernel: [    0.534204] system 00:08: Plug and Play ACPI device, IDs PNP0103 PNP0c01 (active)
Jan  7 20:38:48 kernel: [    0.538107] pnp 00:09: [io  0x0378-0x037f]
Jan  7 20:38:48 kernel: [    0.538115] pnp 00:09: [irq 7]
Jan  7 20:38:48 kernel: [    0.539155] pnp 00:09: Plug and Play ACPI device, IDs PNP0400 (active)
Jan  7 20:38:48 kernel: [    0.542512] pnp 00:0a: [io  0x03f8-0x03ff]
Jan  7 20:38:48 kernel: [    0.542520] pnp 00:0a: [irq 4]
Jan  7 20:38:48 kernel: [    0.543486] pnp 00:0a: Plug and Play ACPI device, IDs PNP0501 (active)
Jan  7 20:38:48 kernel: [    0.546345] pnp 00:0b: [io  0x02f8-0x02ff]
Jan  7 20:38:48 kernel: [    0.546352] pnp 00:0b: [irq 3]
Jan  7 20:38:48 kernel: [    0.547307] pnp 00:0b: Plug and Play ACPI device, IDs PNP0501 (active)
Jan  7 20:38:48 kernel: [    0.551626] pnp 00:0c: [io  0x03f0-0x03f5]
Jan  7 20:38:48 kernel: [    0.551628] pnp 00:0c: [io  0x03f7]
Jan  7 20:38:48 kernel: [    0.551636] pnp 00:0c: [irq 6]
Jan  7 20:38:48 kernel: [    0.551637] pnp 00:0c: [dma 2]
Jan  7 20:38:48 kernel: [    0.552557] pnp 00:0c: Plug and Play ACPI device, IDs PNP0700 (active)
Jan  7 20:38:48 kernel: [    0.552699] pnp 00:0d: [mem 0xe0000000-0xefffffff]
Jan  7 20:38:48 kernel: [    0.552701] pnp 00:0d: [io  0x1060-0x107f]
Jan  7 20:38:48 kernel: [    0.552702] pnp 00:0d: [mem 0xc8200000-0xc83fffff]
Jan  7 20:38:48 kernel: [    0.552771] system 00:0d: [io  0x1060-0x107f] has been reserved
Jan  7 20:38:48 kernel: [    0.552776] system 00:0d: [mem 0xe0000000-0xefffffff] has been reserved
Jan  7 20:38:48 kernel: [    0.552779] system 00:0d: [mem 0xc8200000-0xc83fffff] has been reserved
Jan  7 20:38:48 kernel: [    0.552783] system 00:0d: Plug and Play ACPI device, IDs PNP0c02 (active)
Jan  7 20:38:48 kernel: [    0.556939] pnp: PnP ACPI: found 14 devices
Jan  7 20:38:48 kernel: [    0.556942] ACPI: ACPI bus type pnp unregistered
Jan  7 20:38:48 kernel: [    0.563873] PCI: max bus depth: 1 pci_try_num: 2
Jan  7 20:38:48 kernel: [    0.565525] pci 0000:00:0f.0: BAR 6: assigned [mem 0xc0000000-0xc0007fff pref]
Jan  7 20:38:48 kernel: [    0.565531] pci 0000:00:10.0: BAR 6: assigned [mem 0xc0008000-0xc000bfff pref]
Jan  7 20:38:48 kernel: [    0.565535] pci 0000:00:18.7: BAR 13: can't assign io (size 0x1000)
Jan  7 20:38:48 kernel: [    0.565539] pci 0000:00:18.6: BAR 13: can't assign io (size 0x1000)
Jan  7 20:38:48 kernel: [    0.565542] pci 0000:00:18.5: BAR 13: can't assign io (size 0x1000)
Jan  7 20:38:48 kernel: [    0.565545] pci 0000:00:18.4: BAR 13: can't assign io (size 0x1000)
Jan  7 20:38:48 kernel: [    0.565547] pci 0000:00:18.3: BAR 13: can't assign io (size 0x1000)
Jan  7 20:38:48 kernel: [    0.565550] pci 0000:00:18.2: BAR 13: can't assign io (size 0x1000)
Jan  7 20:38:48 kernel: [    0.565553] pci 0000:00:17.7: BAR 13: can't assign io (size 0x1000)
Jan  7 20:38:48 kernel: [    0.565556] pci 0000:00:17.6: BAR 13: can't assign io (size 0x1000)
Jan  7 20:38:48 kernel: [    0.565559] pci 0000:00:17.5: BAR 13: can't assign io (size 0x1000)
Jan  7 20:38:48 kernel: [    0.565561] pci 0000:00:17.4: BAR 13: can't assign io (size 0x1000)
Jan  7 20:38:48 kernel: [    0.565564] pci 0000:00:17.3: BAR 13: can't assign io (size 0x1000)
Jan  7 20:38:48 kernel: [    0.565567] pci 0000:00:16.7: BAR 13: can't assign io (size 0x1000)
Jan  7 20:38:48 kernel: [    0.565570] pci 0000:00:16.6: BAR 13: can't assign io (size 0x1000)
Jan  7 20:38:48 kernel: [    0.565573] pci 0000:00:16.5: BAR 13: can't assign io (size 0x1000)
Jan  7 20:38:48 kernel: [    0.565575] pci 0000:00:16.4: BAR 13: can't assign io (size 0x1000)
Jan  7 20:38:48 kernel: [    0.565578] pci 0000:00:16.3: BAR 13: can't assign io (size 0x1000)
Jan  7 20:38:48 kernel: [    0.565581] pci 0000:00:15.7: BAR 13: can't assign io (size 0x1000)
Jan  7 20:38:48 kernel: [    0.565584] pci 0000:00:15.6: BAR 13: can't assign io (size 0x1000)
Jan  7 20:38:48 kernel: [    0.565586] pci 0000:00:15.5: BAR 13: can't assign io (size 0x1000)
Jan  7 20:38:48 kernel: [    0.565589] pci 0000:00:15.4: BAR 13: can't assign io (size 0x1000)
Jan  7 20:38:48 kernel: [    0.565592] pci 0000:00:15.3: BAR 13: can't assign io (size 0x1000)
Jan  7 20:38:48 kernel: [    0.565595] pci 0000:00:01.0: PCI bridge to [bus 01-01]
Jan  7 20:38:48 kernel: [    0.565673] pci 0000:02:01.0: BAR 6: assigned [mem 0xd8400000-0xd840ffff pref]
Jan  7 20:38:48 kernel: [    0.565677] pci 0000:00:11.0: PCI bridge to [bus 02-02]
Jan  7 20:38:48 kernel: [    0.565688] pci 0000:00:11.0:   bridge window [io  0x2000-0x3fff]
Jan  7 20:38:48 kernel: [    0.565716] pci 0000:00:11.0:   bridge window [mem 0xc9000000-0xca3fffff]
Jan  7 20:38:48 kernel: [    0.565736] pci 0000:00:11.0:   bridge window [mem 0xd8400000-0xd89fffff 64bit pref]
Jan  7 20:38:48 kernel: [    0.565772] pci 0000:00:15.0: PCI bridge to [bus 03-03]
Jan  7 20:38:48 kernel: [    0.565783] pci 0000:00:15.0:   bridge window [io  0x4000-0x4fff]
Jan  7 20:38:48 kernel: [    0.565811] pci 0000:00:15.0:   bridge window [mem 0xca400000-0xca4fffff]
Jan  7 20:38:48 kernel: [    0.565831] pci 0000:00:15.0:   bridge window [mem 0xd8a00000-0xd8afffff 64bit pref]
Jan  7 20:38:48 kernel: [    0.565905] pci 0000:00:15.1: PCI bridge to [bus 04-04]
Jan  7 20:38:48 kernel: [    0.565917] pci 0000:00:15.1:   bridge window [io  0x8000-0x8fff]
Jan  7 20:38:48 kernel: [    0.565945] pci 0000:00:15.1:   bridge window [mem 0xca800000-0xca8fffff]
Jan  7 20:38:48 kernel: [    0.565965] pci 0000:00:15.1:   bridge window [mem 0xd8e00000-0xd8efffff 64bit pref]
Jan  7 20:38:48 kernel: [    0.566014] pci 0000:00:15.2: PCI bridge to [bus 05-05]
Jan  7 20:38:48 kernel: [    0.566027] pci 0000:00:15.2:   bridge window [io  0xc000-0xcfff]
Jan  7 20:38:48 kernel: [    0.566054] pci 0000:00:15.2:   bridge window [mem 0xcac00000-0xcacfffff]
Jan  7 20:38:48 kernel: [    0.566074] pci 0000:00:15.2:   bridge window [mem 0xd9200000-0xd92fffff 64bit pref]
Jan  7 20:38:48 kernel: [    0.566122] pci 0000:00:15.3: PCI bridge to [bus 06-06]
Jan  7 20:38:48 kernel: [    0.566151] pci 0000:00:15.3:   bridge window [mem 0xcb000000-0xcb0fffff]
Jan  7 20:38:48 kernel: [    0.566171] pci 0000:00:15.3:   bridge window [mem 0xd9600000-0xd96fffff 64bit pref]
Jan  7 20:38:48 kernel: [    0.566219] pci 0000:00:15.4: PCI bridge to [bus 07-07]
Jan  7 20:38:48 kernel: [    0.566247] pci 0000:00:15.4:   bridge window [mem 0xcb400000-0xcb4fffff]
Jan  7 20:38:48 kernel: [    0.566267] pci 0000:00:15.4:   bridge window [mem 0xd9a00000-0xd9afffff 64bit pref]
Jan  7 20:38:48 kernel: [    0.566315] pci 0000:00:15.5: PCI bridge to [bus 08-08]
Jan  7 20:38:48 kernel: [    0.566343] pci 0000:00:15.5:   bridge window [mem 0xcb800000-0xcb8fffff]
Jan  7 20:38:48 kernel: [    0.566363] pci 0000:00:15.5:   bridge window [mem 0xd9e00000-0xd9efffff 64bit pref]
Jan  7 20:38:48 kernel: [    0.566411] pci 0000:00:15.6: PCI bridge to [bus 09-09]
Jan  7 20:38:48 kernel: [    0.566441] pci 0000:00:15.6:   bridge window [mem 0xcbc00000-0xcbcfffff]
Jan  7 20:38:48 kernel: [    0.566461] pci 0000:00:15.6:   bridge window [mem 0xda200000-0xda2fffff 64bit pref]
Jan  7 20:38:48 kernel: [    0.566508] pci 0000:00:15.7: PCI bridge to [bus 0a-0a]
Jan  7 20:38:48 kernel: [    0.566537] pci 0000:00:15.7:   bridge window [mem 0xcc000000-0xcc0fffff]
Jan  7 20:38:48 kernel: [    0.566557] pci 0000:00:15.7:   bridge window [mem 0xda600000-0xda6fffff 64bit pref]
Jan  7 20:38:48 kernel: [    0.566604] pci 0000:00:16.0: PCI bridge to [bus 0b-0b]
Jan  7 20:38:48 kernel: [    0.566617] pci 0000:00:16.0:   bridge window [io  0x5000-0x5fff]
Jan  7 20:38:48 kernel: [    0.566645] pci 0000:00:16.0:   bridge window [mem 0xca500000-0xca5fffff]
Jan  7 20:38:48 kernel: [    0.566664] pci 0000:00:16.0:   bridge window [mem 0xd8b00000-0xd8bfffff 64bit pref]
Jan  7 20:38:48 kernel: [    0.566712] pci 0000:00:16.1: PCI bridge to [bus 0c-0c]
Jan  7 20:38:48 kernel: [    0.566724] pci 0000:00:16.1:   bridge window [io  0x9000-0x9fff]
Jan  7 20:38:48 kernel: [    0.566752] pci 0000:00:16.1:   bridge window [mem 0xca900000-0xca9fffff]
Jan  7 20:38:48 kernel: [    0.566771] pci 0000:00:16.1:   bridge window [mem 0xd8f00000-0xd8ffffff 64bit pref]
Jan  7 20:38:48 kernel: [    0.566819] pci 0000:00:16.2: PCI bridge to [bus 0d-0d]
Jan  7 20:38:48 kernel: [    0.566831] pci 0000:00:16.2:   bridge window [io  0xd000-0xdfff]
Jan  7 20:38:48 kernel: [    0.566859] pci 0000:00:16.2:   bridge window [mem 0xcad00000-0xcadfffff]
Jan  7 20:38:48 kernel: [    0.566879] pci 0000:00:16.2:   bridge window [mem 0xd9300000-0xd93fffff 64bit pref]
Jan  7 20:38:48 kernel: [    0.566926] pci 0000:00:16.3: PCI bridge to [bus 0e-0e]
Jan  7 20:38:48 kernel: [    0.566955] pci 0000:00:16.3:   bridge window [mem 0xcb100000-0xcb1fffff]
Jan  7 20:38:48 kernel: [    0.566975] pci 0000:00:16.3:   bridge window [mem 0xd9700000-0xd97fffff 64bit pref]
Jan  7 20:38:48 kernel: [    0.567022] pci 0000:00:16.4: PCI bridge to [bus 0f-0f]
Jan  7 20:38:48 kernel: [    0.567050] pci 0000:00:16.4:   bridge window [mem 0xcb500000-0xcb5fffff]
Jan  7 20:38:48 kernel: [    0.567070] pci 0000:00:16.4:   bridge window [mem 0xd9b00000-0xd9bfffff 64bit pref]
Jan  7 20:38:48 kernel: [    0.567118] pci 0000:00:16.5: PCI bridge to [bus 10-10]
Jan  7 20:38:48 kernel: [    0.567146] pci 0000:00:16.5:   bridge window [mem 0xcb900000-0xcb9fffff]
Jan  7 20:38:48 kernel: [    0.567166] pci 0000:00:16.5:   bridge window [mem 0xd9f00000-0xd9ffffff 64bit pref]
Jan  7 20:38:48 kernel: [    0.567214] pci 0000:00:16.6: PCI bridge to [bus 11-11]
Jan  7 20:38:48 kernel: [    0.567242] pci 0000:00:16.6:   bridge window [mem 0xcbd00000-0xcbdfffff]
Jan  7 20:38:48 kernel: [    0.567262] pci 0000:00:16.6:   bridge window [mem 0xda300000-0xda3fffff 64bit pref]
Jan  7 20:38:48 kernel: [    0.567309] pci 0000:00:16.7: PCI bridge to [bus 12-12]
Jan  7 20:38:48 kernel: [    0.567338] pci 0000:00:16.7:   bridge window [mem 0xcc100000-0xcc1fffff]
Jan  7 20:38:48 kernel: [    0.567357] pci 0000:00:16.7:   bridge window [mem 0xda700000-0xda7fffff 64bit pref]
Jan  7 20:38:48 kernel: [    0.567405] pci 0000:00:17.0: PCI bridge to [bus 13-13]
Jan  7 20:38:48 kernel: [    0.567417] pci 0000:00:17.0:   bridge window [io  0x6000-0x6fff]
Jan  7 20:38:48 kernel: [    0.567448] pci 0000:00:17.0:   bridge window [mem 0xca600000-0xca6fffff]
Jan  7 20:38:48 kernel: [    0.567467] pci 0000:00:17.0:   bridge window [mem 0xd8c00000-0xd8cfffff 64bit pref]
Jan  7 20:38:48 kernel: [    0.567524] pci 0000:00:17.1: PCI bridge to [bus 14-14]
Jan  7 20:38:48 kernel: [    0.567536] pci 0000:00:17.1:   bridge window [io  0xa000-0xafff]
Jan  7 20:38:48 kernel: [    0.567564] pci 0000:00:17.1:   bridge window [mem 0xcaa00000-0xcaafffff]
Jan  7 20:38:48 kernel: [    0.567583] pci 0000:00:17.1:   bridge window [mem 0xd9000000-0xd90fffff 64bit pref]
Jan  7 20:38:48 kernel: [    0.567632] pci 0000:00:17.2: PCI bridge to [bus 15-15]
Jan  7 20:38:48 kernel: [    0.567644] pci 0000:00:17.2:   bridge window [io  0xe000-0xefff]
Jan  7 20:38:48 kernel: [    0.567671] pci 0000:00:17.2:   bridge window [mem 0xcae00000-0xcaefffff]
Jan  7 20:38:48 kernel: [    0.567691] pci 0000:00:17.2:   bridge window [mem 0xd9400000-0xd94fffff 64bit pref]
Jan  7 20:38:48 kernel: [    0.567739] pci 0000:00:17.3: PCI bridge to [bus 16-16]
Jan  7 20:38:48 kernel: [    0.567768] pci 0000:00:17.3:   bridge window [mem 0xcb200000-0xcb2fffff]
Jan  7 20:38:48 kernel: [    0.567787] pci 0000:00:17.3:   bridge window [mem 0xd9800000-0xd98fffff 64bit pref]
Jan  7 20:38:48 kernel: [    0.567835] pci 0000:00:17.4: PCI bridge to [bus 17-17]
Jan  7 20:38:48 kernel: [    0.567864] pci 0000:00:17.4:   bridge window [mem 0xcb600000-0xcb6fffff]
Jan  7 20:38:48 kernel: [    0.567883] pci 0000:00:17.4:   bridge window [mem 0xd9c00000-0xd9cfffff 64bit pref]
Jan  7 20:38:48 kernel: [    0.567931] pci 0000:00:17.5: PCI bridge to [bus 18-18]
Jan  7 20:38:48 kernel: [    0.567959] pci 0000:00:17.5:   bridge window [mem 0xcba00000-0xcbafffff]
Jan  7 20:38:48 kernel: [    0.567979] pci 0000:00:17.5:   bridge window [mem 0xda000000-0xda0fffff 64bit pref]
Jan  7 20:38:48 kernel: [    0.568027] pci 0000:00:17.6: PCI bridge to [bus 19-19]
Jan  7 20:38:48 kernel: [    0.568069] pci 0000:00:17.6:   bridge window [mem 0xcbe00000-0xcbefffff]
Jan  7 20:38:48 kernel: [    0.568089] pci 0000:00:17.6:   bridge window [mem 0xda400000-0xda4fffff 64bit pref]
Jan  7 20:38:48 kernel: [    0.568137] pci 0000:00:17.7: PCI bridge to [bus 1a-1a]
Jan  7 20:38:48 kernel: [    0.568166] pci 0000:00:17.7:   bridge window [mem 0xcc200000-0xcc2fffff]
Jan  7 20:38:48 kernel: [    0.568186] pci 0000:00:17.7:   bridge window [mem 0xda800000-0xda8fffff 64bit pref]
Jan  7 20:38:48 kernel: [    0.568233] pci 0000:00:18.0: PCI bridge to [bus 1b-1b]
Jan  7 20:38:48 kernel: [    0.568246] pci 0000:00:18.0:   bridge window [io  0x7000-0x7fff]
Jan  7 20:38:48 kernel: [    0.568273] pci 0000:00:18.0:   bridge window [mem 0xca700000-0xca7fffff]
Jan  7 20:38:48 kernel: [    0.568293] pci 0000:00:18.0:   bridge window [mem 0xd8d00000-0xd8dfffff 64bit pref]
Jan  7 20:38:48 kernel: [    0.568341] pci 0000:00:18.1: PCI bridge to [bus 1c-1c]
Jan  7 20:38:48 kernel: [    0.568353] pci 0000:00:18.1:   bridge window [io  0xb000-0xbfff]
Jan  7 20:38:48 kernel: [    0.568381] pci 0000:00:18.1:   bridge window [mem 0xcab00000-0xcabfffff]
Jan  7 20:38:48 kernel: [    0.568400] pci 0000:00:18.1:   bridge window [mem 0xd9100000-0xd91fffff 64bit pref]
Jan  7 20:38:48 kernel: [    0.568450] pci 0000:00:18.2: PCI bridge to [bus 1d-1d]
Jan  7 20:38:48 kernel: [    0.568478] pci 0000:00:18.2:   bridge window [mem 0xcaf00000-0xcaffffff]
Jan  7 20:38:48 kernel: [    0.568498] pci 0000:00:18.2:   bridge window [mem 0xd9500000-0xd95fffff 64bit pref]
Jan  7 20:38:48 kernel: [    0.568546] pci 0000:00:18.3: PCI bridge to [bus 1e-1e]
Jan  7 20:38:48 kernel: [    0.568574] pci 0000:00:18.3:   bridge window [mem 0xcb300000-0xcb3fffff]
Jan  7 20:38:48 kernel: [    0.568594] pci 0000:00:18.3:   bridge window [mem 0xd9900000-0xd99fffff 64bit pref]
Jan  7 20:38:48 kernel: [    0.568642] pci 0000:00:18.4: PCI bridge to [bus 1f-1f]
Jan  7 20:38:48 kernel: [    0.568670] pci 0000:00:18.4:   bridge window [mem 0xcb700000-0xcb7fffff]
Jan  7 20:38:48 kernel: [    0.568690] pci 0000:00:18.4:   bridge window [mem 0xd9d00000-0xd9dfffff 64bit pref]
Jan  7 20:38:48 kernel: [    0.568738] pci 0000:00:18.5: PCI bridge to [bus 20-20]
Jan  7 20:38:48 kernel: [    0.568767] pci 0000:00:18.5:   bridge window [mem 0xcbb00000-0xcbbfffff]
Jan  7 20:38:48 kernel: [    0.568786] pci 0000:00:18.5:   bridge window [mem 0xda100000-0xda1fffff 64bit pref]
Jan  7 20:38:48 kernel: [    0.568834] pci 0000:00:18.6: PCI bridge to [bus 21-21]
Jan  7 20:38:48 kernel: [    0.568863] pci 0000:00:18.6:   bridge window [mem 0xcbf00000-0xcbffffff]
Jan  7 20:38:48 kernel: [    0.568882] pci 0000:00:18.6:   bridge window [mem 0xda500000-0xda5fffff 64bit pref]
Jan  7 20:38:48 kernel: [    0.568930] pci 0000:00:18.7: PCI bridge to [bus 22-22]
Jan  7 20:38:48 kernel: [    0.568959] pci 0000:00:18.7:   bridge window [mem 0xcc300000-0xcc3fffff]
Jan  7 20:38:48 kernel: [    0.568978] pci 0000:00:18.7:   bridge window [mem 0xda900000-0xda9fffff 64bit pref]
Jan  7 20:38:48 kernel: [    0.569055] pci 0000:00:01.0: setting latency timer to 64
Jan  7 20:38:48 kernel: [    0.569124] pci 0000:00:15.0: setting latency timer to 64
Jan  7 20:38:48 kernel: [    0.569167] pci 0000:00:15.1: setting latency timer to 64
Jan  7 20:38:48 kernel: [    0.569210] pci 0000:00:15.2: setting latency timer to 64
Jan  7 20:38:48 kernel: [    0.569253] pci 0000:00:15.3: setting latency timer to 64
Jan  7 20:38:48 kernel: [    0.569295] pci 0000:00:15.4: setting latency timer to 64
Jan  7 20:38:48 kernel: [    0.569338] pci 0000:00:15.5: setting latency timer to 64
Jan  7 20:38:48 kernel: [    0.569381] pci 0000:00:15.6: setting latency timer to 64
Jan  7 20:38:48 kernel: [    0.569424] pci 0000:00:15.7: setting latency timer to 64
Jan  7 20:38:48 kernel: [    0.569472] pci 0000:00:16.0: setting latency timer to 64
Jan  7 20:38:48 kernel: [    0.569515] pci 0000:00:16.1: setting latency timer to 64
Jan  7 20:38:48 kernel: [    0.569557] pci 0000:00:16.2: setting latency timer to 64
Jan  7 20:38:48 kernel: [    0.569600] pci 0000:00:16.3: setting latency timer to 64
Jan  7 20:38:48 kernel: [    0.569643] pci 0000:00:16.4: setting latency timer to 64
Jan  7 20:38:48 kernel: [    0.569685] pci 0000:00:16.5: setting latency timer to 64
Jan  7 20:38:48 kernel: [    0.569727] pci 0000:00:16.6: setting latency timer to 64
Jan  7 20:38:48 kernel: [    0.569770] pci 0000:00:16.7: setting latency timer to 64
Jan  7 20:38:48 kernel: [    0.569813] pci 0000:00:17.0: setting latency timer to 64
Jan  7 20:38:48 kernel: [    0.569856] pci 0000:00:17.1: setting latency timer to 64
Jan  7 20:38:48 kernel: [    0.569898] pci 0000:00:17.2: setting latency timer to 64
Jan  7 20:38:48 kernel: [    0.569941] pci 0000:00:17.3: setting latency timer to 64
Jan  7 20:38:48 kernel: [    0.569983] pci 0000:00:17.4: setting latency timer to 64
Jan  7 20:38:48 kernel: [    0.570026] pci 0000:00:17.5: setting latency timer to 64
Jan  7 20:38:48 kernel: [    0.570068] pci 0000:00:17.6: setting latency timer to 64
Jan  7 20:38:48 kernel: [    0.570111] pci 0000:00:17.7: setting latency timer to 64
Jan  7 20:38:48 kernel: [    0.570154] pci 0000:00:18.0: setting latency timer to 64
Jan  7 20:38:48 kernel: [    0.570196] pci 0000:00:18.1: setting latency timer to 64
Jan  7 20:38:48 kernel: [    0.570239] pci 0000:00:18.2: setting latency timer to 64
Jan  7 20:38:48 kernel: [    0.570282] pci 0000:00:18.3: setting latency timer to 64
Jan  7 20:38:48 kernel: [    0.570324] pci 0000:00:18.4: setting latency timer to 64
Jan  7 20:38:48 kernel: [    0.570367] pci 0000:00:18.5: setting latency timer to 64
Jan  7 20:38:48 kernel: [    0.570409] pci 0000:00:18.6: setting latency timer to 64
Jan  7 20:38:48 kernel: [    0.570454] pci 0000:00:18.7: setting latency timer to 64
Jan  7 20:38:48 kernel: [    0.570465] pci_bus 0000:00: resource 4 [mem 0x000a0000-0x000bffff]
Jan  7 20:38:48 kernel: [    0.570466] pci_bus 0000:00: resource 5 [mem 0x000cc000-0x000cffff]
Jan  7 20:38:48 kernel: [    0.570467] pci_bus 0000:00: resource 6 [mem 0x000d0000-0x000d3fff]
Jan  7 20:38:48 kernel: [    0.570468] pci_bus 0000:00: resource 7 [mem 0x000d4000-0x000d7fff]
Jan  7 20:38:48 kernel: [    0.570470] pci_bus 0000:00: resource 8 [mem 0x000d8000-0x000dbfff]
Jan  7 20:38:48 kernel: [    0.570471] pci_bus 0000:00: resource 9 [mem 0xc0000000-0xfebfffff]
Jan  7 20:38:48 kernel: [    0.570472] pci_bus 0000:00: resource 10 [io  0x0000-0x0cf7]
Jan  7 20:38:48 kernel: [    0.570474] pci_bus 0000:00: resource 11 [io  0x0d00-0xfeff]
Jan  7 20:38:48 kernel: [    0.570475] pci_bus 0000:02: resource 0 [io  0x2000-0x3fff]
Jan  7 20:38:48 kernel: [    0.570477] pci_bus 0000:02: resource 1 [mem 0xc9000000-0xca3fffff]
Jan  7 20:38:48 kernel: [    0.570478] pci_bus 0000:02: resource 2 [mem 0xd8400000-0xd89fffff 64bit pref]
Jan  7 20:38:48 kernel: [    0.570480] pci_bus 0000:02: resource 4 [mem 0x000a0000-0x000bffff]
Jan  7 20:38:48 kernel: [    0.570481] pci_bus 0000:02: resource 5 [mem 0x000cc000-0x000cffff]
Jan  7 20:38:48 kernel: [    0.570482] pci_bus 0000:02: resource 6 [mem 0x000d0000-0x000d3fff]
Jan  7 20:38:48 kernel: [    0.570483] pci_bus 0000:02: resource 7 [mem 0x000d4000-0x000d7fff]
Jan  7 20:38:48 kernel: [    0.570485] pci_bus 0000:02: resource 8 [mem 0x000d8000-0x000dbfff]
Jan  7 20:38:48 kernel: [    0.570486] pci_bus 0000:02: resource 9 [mem 0xc0000000-0xfebfffff]
Jan  7 20:38:48 kernel: [    0.570487] pci_bus 0000:02: resource 10 [io  0x0000-0x0cf7]
Jan  7 20:38:48 kernel: [    0.570489] pci_bus 0000:02: resource 11 [io  0x0d00-0xfeff]
Jan  7 20:38:48 kernel: [    0.570490] pci_bus 0000:03: resource 0 [io  0x4000-0x4fff]
Jan  7 20:38:48 kernel: [    0.570491] pci_bus 0000:03: resource 1 [mem 0xca400000-0xca4fffff]
Jan  7 20:38:48 kernel: [    0.570493] pci_bus 0000:03: resource 2 [mem 0xd8a00000-0xd8afffff 64bit pref]
Jan  7 20:38:48 kernel: [    0.570494] pci_bus 0000:04: resource 0 [io  0x8000-0x8fff]
Jan  7 20:38:48 kernel: [    0.570496] pci_bus 0000:04: resource 1 [mem 0xca800000-0xca8fffff]
Jan  7 20:38:48 kernel: [    0.570497] pci_bus 0000:04: resource 2 [mem 0xd8e00000-0xd8efffff 64bit pref]
Jan  7 20:38:48 kernel: [    0.570498] pci_bus 0000:05: resource 0 [io  0xc000-0xcfff]
Jan  7 20:38:48 kernel: [    0.570500] pci_bus 0000:05: resource 1 [mem 0xcac00000-0xcacfffff]
Jan  7 20:38:48 kernel: [    0.570501] pci_bus 0000:05: resource 2 [mem 0xd9200000-0xd92fffff 64bit pref]
Jan  7 20:38:48 kernel: [    0.570503] pci_bus 0000:06: resource 1 [mem 0xcb000000-0xcb0fffff]
Jan  7 20:38:48 kernel: [    0.570504] pci_bus 0000:06: resource 2 [mem 0xd9600000-0xd96fffff 64bit pref]
Jan  7 20:38:48 kernel: [    0.570505] pci_bus 0000:07: resource 1 [mem 0xcb400000-0xcb4fffff]
Jan  7 20:38:48 kernel: [    0.570507] pci_bus 0000:07: resource 2 [mem 0xd9a00000-0xd9afffff 64bit pref]
Jan  7 20:38:48 kernel: [    0.570508] pci_bus 0000:08: resource 1 [mem 0xcb800000-0xcb8fffff]
Jan  7 20:38:48 kernel: [    0.570510] pci_bus 0000:08: resource 2 [mem 0xd9e00000-0xd9efffff 64bit pref]
Jan  7 20:38:48 kernel: [    0.570511] pci_bus 0000:09: resource 1 [mem 0xcbc00000-0xcbcfffff]
Jan  7 20:38:48 kernel: [    0.570512] pci_bus 0000:09: resource 2 [mem 0xda200000-0xda2fffff 64bit pref]
Jan  7 20:38:48 kernel: [    0.570514] pci_bus 0000:0a: resource 1 [mem 0xcc000000-0xcc0fffff]
Jan  7 20:38:48 kernel: [    0.570515] pci_bus 0000:0a: resource 2 [mem 0xda600000-0xda6fffff 64bit pref]
Jan  7 20:38:48 kernel: [    0.570517] pci_bus 0000:0b: resource 0 [io  0x5000-0x5fff]
Jan  7 20:38:48 kernel: [    0.570518] pci_bus 0000:0b: resource 1 [mem 0xca500000-0xca5fffff]
Jan  7 20:38:48 kernel: [    0.570519] pci_bus 0000:0b: resource 2 [mem 0xd8b00000-0xd8bfffff 64bit pref]
Jan  7 20:38:48 kernel: [    0.570521] pci_bus 0000:0c: resource 0 [io  0x9000-0x9fff]
Jan  7 20:38:48 kernel: [    0.570522] pci_bus 0000:0c: resource 1 [mem 0xca900000-0xca9fffff]
Jan  7 20:38:48 kernel: [    0.570524] pci_bus 0000:0c: resource 2 [mem 0xd8f00000-0xd8ffffff 64bit pref]
Jan  7 20:38:48 kernel: [    0.570525] pci_bus 0000:0d: resource 0 [io  0xd000-0xdfff]
Jan  7 20:38:48 kernel: [    0.570526] pci_bus 0000:0d: resource 1 [mem 0xcad00000-0xcadfffff]
Jan  7 20:38:48 kernel: [    0.570528] pci_bus 0000:0d: resource 2 [mem 0xd9300000-0xd93fffff 64bit pref]
Jan  7 20:38:48 kernel: [    0.570529] pci_bus 0000:0e: resource 1 [mem 0xcb100000-0xcb1fffff]
Jan  7 20:38:48 kernel: [    0.570531] pci_bus 0000:0e: resource 2 [mem 0xd9700000-0xd97fffff 64bit pref]
Jan  7 20:38:48 kernel: [    0.570532] pci_bus 0000:0f: resource 1 [mem 0xcb500000-0xcb5fffff]
Jan  7 20:38:48 kernel: [    0.570534] pci_bus 0000:0f: resource 2 [mem 0xd9b00000-0xd9bfffff 64bit pref]
Jan  7 20:38:48 kernel: [    0.570535] pci_bus 0000:10: resource 1 [mem 0xcb900000-0xcb9fffff]
Jan  7 20:38:48 kernel: [    0.570537] pci_bus 0000:10: resource 2 [mem 0xd9f00000-0xd9ffffff 64bit pref]
Jan  7 20:38:48 kernel: [    0.570538] pci_bus 0000:11: resource 1 [mem 0xcbd00000-0xcbdfffff]
Jan  7 20:38:48 kernel: [    0.570539] pci_bus 0000:11: resource 2 [mem 0xda300000-0xda3fffff 64bit pref]
Jan  7 20:38:48 kernel: [    0.570541] pci_bus 0000:12: resource 1 [mem 0xcc100000-0xcc1fffff]
Jan  7 20:38:48 kernel: [    0.570542] pci_bus 0000:12: resource 2 [mem 0xda700000-0xda7fffff 64bit pref]
Jan  7 20:38:48 kernel: [    0.570544] pci_bus 0000:13: resource 0 [io  0x6000-0x6fff]
Jan  7 20:38:48 kernel: [    0.570545] pci_bus 0000:13: resource 1 [mem 0xca600000-0xca6fffff]
Jan  7 20:38:48 kernel: [    0.570546] pci_bus 0000:13: resource 2 [mem 0xd8c00000-0xd8cfffff 64bit pref]
Jan  7 20:38:48 kernel: [    0.570548] pci_bus 0000:14: resource 0 [io  0xa000-0xafff]
Jan  7 20:38:48 kernel: [    0.570549] pci_bus 0000:14: resource 1 [mem 0xcaa00000-0xcaafffff]
Jan  7 20:38:48 kernel: [    0.570550] pci_bus 0000:14: resource 2 [mem 0xd9000000-0xd90fffff 64bit pref]
Jan  7 20:38:48 kernel: [    0.570552] pci_bus 0000:15: resource 0 [io  0xe000-0xefff]
Jan  7 20:38:48 kernel: [    0.570553] pci_bus 0000:15: resource 1 [mem 0xcae00000-0xcaefffff]
Jan  7 20:38:48 kernel: [    0.570554] pci_bus 0000:15: resource 2 [mem 0xd9400000-0xd94fffff 64bit pref]
Jan  7 20:38:48 kernel: [    0.570556] pci_bus 0000:16: resource 1 [mem 0xcb200000-0xcb2fffff]
Jan  7 20:38:48 kernel: [    0.570557] pci_bus 0000:16: resource 2 [mem 0xd9800000-0xd98fffff 64bit pref]
Jan  7 20:38:48 kernel: [    0.570559] pci_bus 0000:17: resource 1 [mem 0xcb600000-0xcb6fffff]
Jan  7 20:38:48 kernel: [    0.570560] pci_bus 0000:17: resource 2 [mem 0xd9c00000-0xd9cfffff 64bit pref]
Jan  7 20:38:48 kernel: [    0.570562] pci_bus 0000:18: resource 1 [mem 0xcba00000-0xcbafffff]
Jan  7 20:38:48 kernel: [    0.570563] pci_bus 0000:18: resource 2 [mem 0xda000000-0xda0fffff 64bit pref]
Jan  7 20:38:48 kernel: [    0.570565] pci_bus 0000:19: resource 1 [mem 0xcbe00000-0xcbefffff]
Jan  7 20:38:48 kernel: [    0.570566] pci_bus 0000:19: resource 2 [mem 0xda400000-0xda4fffff 64bit pref]
Jan  7 20:38:48 kernel: [    0.570567] pci_bus 0000:1a: resource 1 [mem 0xcc200000-0xcc2fffff]
Jan  7 20:38:48 kernel: [    0.570569] pci_bus 0000:1a: resource 2 [mem 0xda800000-0xda8fffff 64bit pref]
Jan  7 20:38:48 kernel: [    0.570570] pci_bus 0000:1b: resource 0 [io  0x7000-0x7fff]
Jan  7 20:38:48 kernel: [    0.570571] pci_bus 0000:1b: resource 1 [mem 0xca700000-0xca7fffff]
Jan  7 20:38:48 kernel: [    0.570573] pci_bus 0000:1b: resource 2 [mem 0xd8d00000-0xd8dfffff 64bit pref]
Jan  7 20:38:48 kernel: [    0.570574] pci_bus 0000:1c: resource 0 [io  0xb000-0xbfff]
Jan  7 20:38:48 kernel: [    0.570575] pci_bus 0000:1c: resource 1 [mem 0xcab00000-0xcabfffff]
Jan  7 20:38:48 kernel: [    0.570577] pci_bus 0000:1c: resource 2 [mem 0xd9100000-0xd91fffff 64bit pref]
Jan  7 20:38:48 kernel: [    0.570578] pci_bus 0000:1d: resource 1 [mem 0xcaf00000-0xcaffffff]
Jan  7 20:38:48 kernel: [    0.570580] pci_bus 0000:1d: resource 2 [mem 0xd9500000-0xd95fffff 64bit pref]
Jan  7 20:38:48 kernel: [    0.570581] pci_bus 0000:1e: resource 1 [mem 0xcb300000-0xcb3fffff]
Jan  7 20:38:48 kernel: [    0.570583] pci_bus 0000:1e: resource 2 [mem 0xd9900000-0xd99fffff 64bit pref]
Jan  7 20:38:48 kernel: [    0.570584] pci_bus 0000:1f: resource 1 [mem 0xcb700000-0xcb7fffff]
Jan  7 20:38:48 kernel: [    0.570585] pci_bus 0000:1f: resource 2 [mem 0xd9d00000-0xd9dfffff 64bit pref]
Jan  7 20:38:48 kernel: [    0.570587] pci_bus 0000:20: resource 1 [mem 0xcbb00000-0xcbbfffff]
Jan  7 20:38:48 kernel: [    0.570588] pci_bus 0000:20: resource 2 [mem 0xda100000-0xda1fffff 64bit pref]
Jan  7 20:38:48 kernel: [    0.570590] pci_bus 0000:21: resource 1 [mem 0xcbf00000-0xcbffffff]
Jan  7 20:38:48 kernel: [    0.570591] pci_bus 0000:21: resource 2 [mem 0xda500000-0xda5fffff 64bit pref]
Jan  7 20:38:48 kernel: [    0.570593] pci_bus 0000:22: resource 1 [mem 0xcc300000-0xcc3fffff]
Jan  7 20:38:48 kernel: [    0.570594] pci_bus 0000:22: resource 2 [mem 0xda900000-0xda9fffff 64bit pref]
Jan  7 20:38:48 kernel: [    0.570654] NET: Registered protocol family 2
Jan  7 20:38:48 kernel: [    0.570724] IP route cache hash table entries: 32768 (order: 6, 262144 bytes)
Jan  7 20:38:48 kernel: [    0.571918] TCP established hash table entries: 131072 (order: 9, 2097152 bytes)
Jan  7 20:38:48 kernel: [    0.579427] TCP bind hash table entries: 65536 (order: 8, 1048576 bytes)
Jan  7 20:38:48 kernel: [    0.583530] TCP: Hash tables configured (established 131072 bind 65536)
Jan  7 20:38:48 kernel: [    0.583534] TCP reno registered
Jan  7 20:38:48 kernel: [    0.583540] UDP hash table entries: 512 (order: 2, 16384 bytes)
Jan  7 20:38:48 kernel: [    0.583593] UDP-Lite hash table entries: 512 (order: 2, 16384 bytes)
Jan  7 20:38:48 kernel: [    0.583863] NET: Registered protocol family 1
Jan  7 20:38:48 kernel: [    0.583874] pci 0000:00:00.0: Limiting direct PCI/PCI transfers
Jan  7 20:38:48 kernel: [    0.583959] pci 0000:00:0f.0: Boot video device
Jan  7 20:38:48 kernel: [    0.584328] pci 0000:02:00.0: PCI INT A -> GSI 18 (level, low) -> IRQ 18
Jan  7 20:38:48 kernel: [    0.584490] pci 0000:02:00.0: PCI INT A disabled
Jan  7 20:38:48 kernel: [    0.584512] PCI: CLS mismatch (32 != 64), using 64 bytes
Jan  7 20:38:48 kernel: [    0.584534] pci 0000:02:03.0: PCI INT A -> GSI 17 (level, low) -> IRQ 17
Jan  7 20:38:48 kernel: [    0.584655] pci 0000:02:03.0: PCI INT A disabled
Jan  7 20:38:48 kernel: [    0.584746] Simple Boot Flag at 0x36 set to 0x80
Jan  7 20:38:48 kernel: [    0.584763] Switching to clocksource tsc
Jan  7 20:38:48 kernel: [    0.585121] audit: initializing netlink socket (disabled)
Jan  7 20:38:48 kernel: [    0.585129] type=2000 audit(1357591125.460:1): initialized
Jan  7 20:38:48 kernel: [    0.603759] Trying to unpack rootfs image as initramfs...
Jan  7 20:38:48 kernel: [    0.630121] HugeTLB registered 2 MB page size, pre-allocated 0 pages
Jan  7 20:38:48 kernel: [    0.643617] VFS: Disk quotas dquot_6.5.2
Jan  7 20:38:48 kernel: [    0.643689] Dquot-cache hash table entries: 512 (order 0, 4096 bytes)
Jan  7 20:38:48 kernel: [    0.644548] fuse init (API version 7.17)
Jan  7 20:38:48 kernel: [    0.644654] msgmni has been set to 1962
Jan  7 20:38:48 kernel: [    0.660085] Block layer SCSI generic (bsg) driver version 0.4 loaded (major 253)
Jan  7 20:38:48 kernel: [    0.660110] io scheduler noop registered
Jan  7 20:38:48 kernel: [    0.660113] io scheduler deadline registered
Jan  7 20:38:48 kernel: [    0.660154] io scheduler cfq registered (default)
Jan  7 20:38:48 kernel: [    0.660373] pcieport 0000:00:15.0: setting latency timer to 64
Jan  7 20:38:48 kernel: [    0.660772] pcieport 0000:00:15.0: irq 40 for MSI/MSI-X
Jan  7 20:38:48 kernel: [    0.661218] pcieport 0000:00:15.1: setting latency timer to 64
Jan  7 20:38:48 kernel: [    0.661640] pcieport 0000:00:15.1: irq 41 for MSI/MSI-X
Jan  7 20:38:48 kernel: [    0.662084] pcieport 0000:00:15.2: setting latency timer to 64
Jan  7 20:38:48 kernel: [    0.663495] pcieport 0000:00:15.2: irq 42 for MSI/MSI-X
Jan  7 20:38:48 kernel: [    0.663966] pcieport 0000:00:15.3: setting latency timer to 64
Jan  7 20:38:48 kernel: [    0.664412] pcieport 0000:00:15.3: irq 43 for MSI/MSI-X
Jan  7 20:38:48 kernel: [    0.664837] pcieport 0000:00:15.4: setting latency timer to 64
Jan  7 20:38:48 kernel: [    0.665226] pcieport 0000:00:15.4: irq 44 for MSI/MSI-X
Jan  7 20:38:48 kernel: [    0.665649] pcieport 0000:00:15.5: setting latency timer to 64
Jan  7 20:38:48 kernel: [    0.666052] pcieport 0000:00:15.5: irq 45 for MSI/MSI-X
Jan  7 20:38:48 kernel: [    0.666485] pcieport 0000:00:15.6: setting latency timer to 64
Jan  7 20:38:48 kernel: [    0.666873] pcieport 0000:00:15.6: irq 46 for MSI/MSI-X
Jan  7 20:38:48 kernel: [    0.667281] pcieport 0000:00:15.7: setting latency timer to 64
Jan  7 20:38:48 kernel: [    0.672167] pcieport 0000:00:15.7: irq 47 for MSI/MSI-X
Jan  7 20:38:48 kernel: [    0.673583] pcieport 0000:00:16.0: setting latency timer to 64
Jan  7 20:38:48 kernel: [    0.674018] pcieport 0000:00:16.0: irq 48 for MSI/MSI-X
Jan  7 20:38:48 kernel: [    0.674473] pcieport 0000:00:16.1: setting latency timer to 64
Jan  7 20:38:48 kernel: [    0.674863] pcieport 0000:00:16.1: irq 49 for MSI/MSI-X
Jan  7 20:38:48 kernel: [    0.675286] pcieport 0000:00:16.2: setting latency timer to 64
Jan  7 20:38:48 kernel: [    0.675677] pcieport 0000:00:16.2: irq 50 for MSI/MSI-X
Jan  7 20:38:48 kernel: [    0.680096] pcieport 0000:00:16.3: setting latency timer to 64
Jan  7 20:38:48 kernel: [    0.680505] pcieport 0000:00:16.3: irq 51 for MSI/MSI-X
Jan  7 20:38:48 kernel: [    0.680953] pcieport 0000:00:16.4: setting latency timer to 64
Jan  7 20:38:48 kernel: [    0.681343] pcieport 0000:00:16.4: irq 52 for MSI/MSI-X
Jan  7 20:38:48 kernel: [    0.681793] pcieport 0000:00:16.5: setting latency timer to 64
Jan  7 20:38:48 kernel: [    0.682182] pcieport 0000:00:16.5: irq 53 for MSI/MSI-X
Jan  7 20:38:48 kernel: [    0.683601] pcieport 0000:00:16.6: setting latency timer to 64
Jan  7 20:38:48 kernel: [    0.688402] pcieport 0000:00:16.6: irq 54 for MSI/MSI-X
Jan  7 20:38:48 kernel: [    0.689047] pcieport 0000:00:16.7: setting latency timer to 64
Jan  7 20:38:48 kernel: [    0.689472] pcieport 0000:00:16.7: irq 55 for MSI/MSI-X
Jan  7 20:38:48 kernel: [    0.689911] pcieport 0000:00:17.0: setting latency timer to 64
Jan  7 20:38:48 kernel: [    0.690301] pcieport 0000:00:17.0: irq 56 for MSI/MSI-X
Jan  7 20:38:48 kernel: [    0.690774] pcieport 0000:00:17.1: setting latency timer to 64
Jan  7 20:38:48 kernel: [    0.691164] pcieport 0000:00:17.1: irq 57 for MSI/MSI-X
Jan  7 20:38:48 kernel: [    0.691599] pcieport 0000:00:17.2: setting latency timer to 64
Jan  7 20:38:48 kernel: [    0.696005] pcieport 0000:00:17.2: irq 58 for MSI/MSI-X
Jan  7 20:38:48 kernel: [    0.696464] pcieport 0000:00:17.3: setting latency timer to 64
Jan  7 20:38:48 kernel: [    0.696855] pcieport 0000:00:17.3: irq 59 for MSI/MSI-X
Jan  7 20:38:48 kernel: [    0.697285] pcieport 0000:00:17.4: setting latency timer to 64
Jan  7 20:38:48 kernel: [    0.698689] pcieport 0000:00:17.4: irq 60 for MSI/MSI-X
Jan  7 20:38:48 kernel: [    0.699196] pcieport 0000:00:17.5: setting latency timer to 64
Jan  7 20:38:48 kernel: [    0.699602] pcieport 0000:00:17.5: irq 61 for MSI/MSI-X
Jan  7 20:38:48 kernel: [    0.700040] pcieport 0000:00:17.6: setting latency timer to 64
Jan  7 20:38:48 kernel: [    0.704140] pcieport 0000:00:17.6: irq 62 for MSI/MSI-X
Jan  7 20:38:48 kernel: [    0.704595] pcieport 0000:00:17.7: setting latency timer to 64
Jan  7 20:38:48 kernel: [    0.704985] pcieport 0000:00:17.7: irq 63 for MSI/MSI-X
Jan  7 20:38:48 kernel: [    0.705412] pcieport 0000:00:18.0: setting latency timer to 64
Jan  7 20:38:48 kernel: [    0.705865] pcieport 0000:00:18.0: irq 64 for MSI/MSI-X
Jan  7 20:38:48 kernel: [    0.706290] pcieport 0000:00:18.1: setting latency timer to 64
Jan  7 20:38:48 kernel: [    0.706681] pcieport 0000:00:18.1: irq 65 for MSI/MSI-X
Jan  7 20:38:48 kernel: [    0.707124] pcieport 0000:00:18.2: setting latency timer to 64
Jan  7 20:38:48 kernel: [    0.716066] pcieport 0000:00:18.2: irq 66 for MSI/MSI-X
Jan  7 20:38:48 kernel: [    0.716510] pcieport 0000:00:18.3: setting latency timer to 64
Jan  7 20:38:48 kernel: [    0.716901] pcieport 0000:00:18.3: irq 67 for MSI/MSI-X
Jan  7 20:38:48 kernel: [    0.717330] pcieport 0000:00:18.4: setting latency timer to 64
Jan  7 20:38:48 kernel: [    0.718770] pcieport 0000:00:18.4: irq 68 for MSI/MSI-X
Jan  7 20:38:48 kernel: [    0.719299] pcieport 0000:00:18.5: setting latency timer to 64
Jan  7 20:38:48 kernel: [    0.719689] pcieport 0000:00:18.5: irq 69 for MSI/MSI-X
Jan  7 20:38:48 kernel: [    0.724125] pcieport 0000:00:18.6: setting latency timer to 64
Jan  7 20:38:48 kernel: [    0.724554] pcieport 0000:00:18.6: irq 70 for MSI/MSI-X
Jan  7 20:38:48 kernel: [    0.725087] pcieport 0000:00:18.7: setting latency timer to 64
Jan  7 20:38:48 kernel: [    0.725489] pcieport 0000:00:18.7: irq 71 for MSI/MSI-X
Jan  7 20:38:48 kernel: [    0.725947] pcieport 0000:00:15.0: Signaling PME through PCIe PME interrupt
Jan  7 20:38:48 kernel: [    0.725970] pcie_pme 0000:00:15.0:pcie01: service driver pcie_pme loaded
Jan  7 20:38:48 kernel: [    0.726101] pcieport 0000:00:15.1: Signaling PME through PCIe PME interrupt
Jan  7 20:38:48 kernel: [    0.726124] pcie_pme 0000:00:15.1:pcie01: service driver pcie_pme loaded
Jan  7 20:38:48 kernel: [    0.726216] pcieport 0000:00:15.2: Signaling PME through PCIe PME interrupt
Jan  7 20:38:48 kernel: [    0.726237] pcie_pme 0000:00:15.2:pcie01: service driver pcie_pme loaded
Jan  7 20:38:48 kernel: [    0.726328] pcieport 0000:00:15.3: Signaling PME through PCIe PME interrupt
Jan  7 20:38:48 kernel: [    0.726356] pcie_pme 0000:00:15.3:pcie01: service driver pcie_pme loaded
Jan  7 20:38:48 kernel: [    0.726461] pcieport 0000:00:15.4: Signaling PME through PCIe PME interrupt
Jan  7 20:38:48 kernel: [    0.726482] pcie_pme 0000:00:15.4:pcie01: service driver pcie_pme loaded
Jan  7 20:38:48 kernel: [    0.726573] pcieport 0000:00:15.5: Signaling PME through PCIe PME interrupt
Jan  7 20:38:48 kernel: [    0.726594] pcie_pme 0000:00:15.5:pcie01: service driver pcie_pme loaded
Jan  7 20:38:48 kernel: [    0.726684] pcieport 0000:00:15.6: Signaling PME through PCIe PME interrupt
Jan  7 20:38:48 kernel: [    0.726705] pcie_pme 0000:00:15.6:pcie01: service driver pcie_pme loaded
Jan  7 20:38:48 kernel: [    0.726833] pcieport 0000:00:15.7: Signaling PME through PCIe PME interrupt
Jan  7 20:38:48 kernel: [    0.726854] pcie_pme 0000:00:15.7:pcie01: service driver pcie_pme loaded
Jan  7 20:38:48 kernel: [    0.726945] pcieport 0000:00:16.0: Signaling PME through PCIe PME interrupt
Jan  7 20:38:48 kernel: [    0.726966] pcie_pme 0000:00:16.0:pcie01: service driver pcie_pme loaded
Jan  7 20:38:48 kernel: [    0.727056] pcieport 0000:00:16.1: Signaling PME through PCIe PME interrupt
Jan  7 20:38:48 kernel: [    0.727077] pcie_pme 0000:00:16.1:pcie01: service driver pcie_pme loaded
Jan  7 20:38:48 kernel: [    0.727168] pcieport 0000:00:16.2: Signaling PME through PCIe PME interrupt
Jan  7 20:38:48 kernel: [    0.727188] pcie_pme 0000:00:16.2:pcie01: service driver pcie_pme loaded
Jan  7 20:38:48 kernel: [    0.727279] pcieport 0000:00:16.3: Signaling PME through PCIe PME interrupt
Jan  7 20:38:48 kernel: [    0.727299] pcie_pme 0000:00:16.3:pcie01: service driver pcie_pme loaded
Jan  7 20:38:48 kernel: [    0.732180] pcieport 0000:00:16.4: Signaling PME through PCIe PME interrupt
Jan  7 20:38:48 kernel: [    0.732202] pcie_pme 0000:00:16.4:pcie01: service driver pcie_pme loaded
Jan  7 20:38:48 kernel: [    0.733283] pcieport 0000:00:16.5: Signaling PME through PCIe PME interrupt
Jan  7 20:38:48 kernel: [    0.733309] pcie_pme 0000:00:16.5:pcie01: service driver pcie_pme loaded
Jan  7 20:38:48 kernel: [    0.733422] pcieport 0000:00:16.6: Signaling PME through PCIe PME interrupt
Jan  7 20:38:48 kernel: [    0.733448] pcie_pme 0000:00:16.6:pcie01: service driver pcie_pme loaded
Jan  7 20:38:48 kernel: [    0.733556] pcieport 0000:00:16.7: Signaling PME through PCIe PME interrupt
Jan  7 20:38:48 kernel: [    0.733580] pcie_pme 0000:00:16.7:pcie01: service driver pcie_pme loaded
Jan  7 20:38:48 kernel: [    0.733689] pcieport 0000:00:17.0: Signaling PME through PCIe PME interrupt
Jan  7 20:38:48 kernel: [    0.733713] pcie_pme 0000:00:17.0:pcie01: service driver pcie_pme loaded
Jan  7 20:38:48 kernel: [    0.733822] pcieport 0000:00:17.1: Signaling PME through PCIe PME interrupt
Jan  7 20:38:48 kernel: [    0.733847] pcie_pme 0000:00:17.1:pcie01: service driver pcie_pme loaded
Jan  7 20:38:48 kernel: [    0.733954] pcieport 0000:00:17.2: Signaling PME through PCIe PME interrupt
Jan  7 20:38:48 kernel: [    0.733979] pcie_pme 0000:00:17.2:pcie01: service driver pcie_pme loaded
Jan  7 20:38:48 kernel: [    0.734116] pcieport 0000:00:17.3: Signaling PME through PCIe PME interrupt
Jan  7 20:38:48 kernel: [    0.734142] pcie_pme 0000:00:17.3:pcie01: service driver pcie_pme loaded
Jan  7 20:38:48 kernel: [    0.734251] pcieport 0000:00:17.4: Signaling PME through PCIe PME interrupt
Jan  7 20:38:48 kernel: [    0.734275] pcie_pme 0000:00:17.4:pcie01: service driver pcie_pme loaded
Jan  7 20:38:48 kernel: [    0.734397] pcieport 0000:00:17.5: Signaling PME through PCIe PME interrupt
Jan  7 20:38:48 kernel: [    0.734428] pcie_pme 0000:00:17.5:pcie01: service driver pcie_pme loaded
Jan  7 20:38:48 kernel: [    0.734520] pcieport 0000:00:17.6: Signaling PME through PCIe PME interrupt
Jan  7 20:38:48 kernel: [    0.734541] pcie_pme 0000:00:17.6:pcie01: service driver pcie_pme loaded
Jan  7 20:38:48 kernel: [    0.734631] pcieport 0000:00:17.7: Signaling PME through PCIe PME interrupt
Jan  7 20:38:48 kernel: [    0.734652] pcie_pme 0000:00:17.7:pcie01: service driver pcie_pme loaded
Jan  7 20:38:48 kernel: [    0.734744] pcieport 0000:00:18.0: Signaling PME through PCIe PME interrupt
Jan  7 20:38:48 kernel: [    0.734765] pcie_pme 0000:00:18.0:pcie01: service driver pcie_pme loaded
Jan  7 20:38:48 kernel: [    0.734881] pcieport 0000:00:18.1: Signaling PME through PCIe PME interrupt
Jan  7 20:38:48 kernel: [    0.734903] pcie_pme 0000:00:18.1:pcie01: service driver pcie_pme loaded
Jan  7 20:38:48 kernel: [    0.734995] pcieport 0000:00:18.2: Signaling PME through PCIe PME interrupt
Jan  7 20:38:48 kernel: [    0.735015] pcie_pme 0000:00:18.2:pcie01: service driver pcie_pme loaded
Jan  7 20:38:48 kernel: [    0.735107] pcieport 0000:00:18.3: Signaling PME through PCIe PME interrupt
Jan  7 20:38:48 kernel: [    0.735128] pcie_pme 0000:00:18.3:pcie01: service driver pcie_pme loaded
Jan  7 20:38:48 kernel: [    0.735218] pcieport 0000:00:18.4: Signaling PME through PCIe PME interrupt
Jan  7 20:38:48 kernel: [    0.735239] pcie_pme 0000:00:18.4:pcie01: service driver pcie_pme loaded
Jan  7 20:38:48 kernel: [    0.735337] pcieport 0000:00:18.5: Signaling PME through PCIe PME interrupt
Jan  7 20:38:48 kernel: [    0.735357] pcie_pme 0000:00:18.5:pcie01: service driver pcie_pme loaded
Jan  7 20:38:48 kernel: [    0.735448] pcieport 0000:00:18.6: Signaling PME through PCIe PME interrupt
Jan  7 20:38:48 kernel: [    0.735469] pcie_pme 0000:00:18.6:pcie01: service driver pcie_pme loaded
Jan  7 20:38:48 kernel: [    0.735584] pcieport 0000:00:18.7: Signaling PME through PCIe PME interrupt
Jan  7 20:38:48 kernel: [    0.735605] pcie_pme 0000:00:18.7:pcie01: service driver pcie_pme loaded
Jan  7 20:38:48 kernel: [    0.735636] pci_hotplug: PCI Hot Plug PCI Core version: 0.5
Jan  7 20:38:48 kernel: [    0.740177] pciehp 0000:00:15.0:pcie04: HPC vendor_id 15ad device_id 7a0 ss_vid 15ad ss_did 7a0
Jan  7 20:38:48 kernel: [    0.740237] pciehp 0000:00:15.0:pcie04: service driver pciehp loaded
Jan  7 20:38:48 kernel: [    0.740291] pciehp 0000:00:15.1:pcie04: HPC vendor_id 15ad device_id 7a0 ss_vid 15ad ss_did 7a0
Jan  7 20:38:48 kernel: [    0.740360] pciehp 0000:00:15.1:pcie04: service driver pciehp loaded
Jan  7 20:38:48 kernel: [    0.740414] pciehp 0000:00:15.2:pcie04: HPC vendor_id 15ad device_id 7a0 ss_vid 15ad ss_did 7a0
Jan  7 20:38:48 kernel: [    0.740497] pciehp 0000:00:15.2:pcie04: service driver pciehp loaded
